Component: Arm Compiler for Embedded 6.19 Tool: armlink [5e73cb00]

==============================================================================

Section Cross References

    main.o(.text) refers to system_gd32f1x0.o(.text) for SystemCoreClockUpdate
    main.o(.text) refers to system_gd32f1x0.o(.data.SystemCoreClock) for SystemCoreClock
    main.o(.text) refers to setup.o(.text) for Watchdog_init
    main.o(.text) refers to gd32f1x0_gpio.o(.text) for gpio_bit_write
    main.o(.text) refers to gd32f1x0_fwdgt.o(.text) for fwdgt_counter_reload
    main.o(.text) refers to bldc.o(.bss.buzzerFreq) for buzzerFreq
    main.o(.text) refers to it.o(.text) for Delay
    main.o(.text) refers to main.o(.bss.steerCounter) for steerCounter
    main.o(.text) refers to commssteering.o(.text) for SendSteerDevice
    main.o(.text) refers to main.o(.bss.speed) for speed
    main.o(.text) refers to fflt_clz.o(x$fpl$fflt) for __aeabi_i2f
    main.o(.text) refers to f2d.o(x$fpl$f2d) for __aeabi_f2d
    main.o(.text) refers to dmul.o(x$fpl$dmul) for __aeabi_dmul
    main.o(.text) refers to ddiv.o(x$fpl$ddiv) for __aeabi_ddiv
    main.o(.text) refers to daddsub_clz.o(x$fpl$dadd) for __aeabi_dadd
    main.o(.text) refers to d2f.o(x$fpl$d2f) for __aeabi_d2f
    main.o(.text) refers to main.o(.bss.steer) for steer
    main.o(.text) refers to fmul.o(x$fpl$fmul) for __aeabi_fmul
    main.o(.text) refers to ffix.o(x$fpl$ffix) for __aeabi_f2iz
    main.o(.text) refers to faddsub_clz.o(x$fpl$fsub) for __aeabi_fsub
    main.o(.text) refers to fdiv.o(x$fpl$fdiv) for __aeabi_fdiv
    main.o(.text) refers to faddsub_clz.o(x$fpl$fadd) for __aeabi_fadd
    main.o(.text) refers to main.o(.rodata.lookUpTableAngle) for lookUpTableAngle
    main.o(.text) refers to fcmp.o(x$fpl$fcmp) for __aeabi_fcmplt
    main.o(.text) refers to bldc.o(.text) for SetEnable
    main.o(.text) refers to it.o(.data.timedOut) for timedOut
    main.o(.text) refers to bldc.o(.bss.currentDC) for currentDC
    main.o(.text) refers to bldc.o(.bss.realSpeed) for realSpeed
    main.o(.text) refers to bldc.o(.data.batteryVoltage) for batteryVoltage
    main.o(.text) refers to commsmasterslave.o(.text) for SendSlave
    main.o(.text) refers to main.o(.data.beepsBackwards) for beepsBackwards
    main.o(.text) refers to bldc.o(.bss.buzzerPattern) for buzzerPattern
    main.o(.text) refers to main.o(.bss.inactivity_timeout_counter) for inactivity_timeout_counter
    main.o(.text) refers to gd32f1x0_usart.o(.text) for usart_deinit
    main.o(.ARM.exidx) refers to main.o(.text) for [Anonymous Symbol]
    bldc.o(.text) refers to bldc.o(.bss.bldc_enable) for bldc_enable
    bldc.o(.text) refers to bldc.o(.bss.bldc_inputFilterPwm) for bldc_inputFilterPwm
    bldc.o(.text) refers to bldc.o(.bss.offsetcount) for offsetcount
    bldc.o(.text) refers to bldc.o(.bss.adc_buffer) for adc_buffer
    bldc.o(.text) refers to bldc.o(.data.offsetdc) for offsetdc
    bldc.o(.text) refers to bldc.o(.bss.buzzerTimer) for buzzerTimer
    bldc.o(.text) refers to bldc.o(.data.batteryVoltage) for batteryVoltage
    bldc.o(.text) refers to f2d.o(x$fpl$f2d) for __aeabi_f2d
    bldc.o(.text) refers to dflt_clz.o(x$fpl$dfltu) for __aeabi_ui2d
    bldc.o(.text) refers to dmul.o(x$fpl$dmul) for __aeabi_dmul
    bldc.o(.text) refers to daddsub_clz.o(x$fpl$dadd) for __aeabi_dadd
    bldc.o(.text) refers to d2f.o(x$fpl$d2f) for __aeabi_d2f
    bldc.o(.text) refers to bldc.o(.bss.buzzerFreq) for buzzerFreq
    bldc.o(.text) refers to bldc.o(.bss.buzzerPattern) for buzzerPattern
    bldc.o(.text) refers to gd32f1x0_gpio.o(.text) for gpio_bit_write
    bldc.o(.text) refers to dflt_clz.o(x$fpl$dflt) for __aeabi_i2d
    bldc.o(.text) refers to bldc.o(.bss.currentDC) for currentDC
    bldc.o(.text) refers to fcmp.o(x$fpl$fcmp) for __aeabi_fcmpgt
    bldc.o(.text) refers to it.o(.data.timedOut) for timedOut
    bldc.o(.text) refers to gd32f1x0_timer.o(.text) for timer_automatic_output_enable
    bldc.o(.text) refers to bldc.o(.bss.hall_a) for hall_a
    bldc.o(.text) refers to bldc.o(.bss.hall_b) for hall_b
    bldc.o(.text) refers to bldc.o(.bss.hall_c) for hall_c
    bldc.o(.text) refers to bldc.o(.bss.hall) for hall
    bldc.o(.text) refers to bldc.o(.rodata.hall_to_pos) for hall_to_pos
    bldc.o(.text) refers to bldc.o(.bss.filter_reg) for filter_reg
    bldc.o(.text) refers to bldc.o(.bss.pos) for pos
    bldc.o(.text) refers to bldc.o(.bss.bldc_outputFilterPwm) for bldc_outputFilterPwm
    bldc.o(.text) refers to bldc.o(.bss.buzzerToggle) for buzzerToggle
    bldc.o(.text) refers to bldc.o(.bss.speedCounter) for speedCounter
    bldc.o(.text) refers to bldc.o(.bss.lastPos) for lastPos
    bldc.o(.text) refers to fflt_clz.o(x$fpl$ffltu) for __aeabi_ui2f
    bldc.o(.text) refers to fdiv.o(x$fpl$fdiv) for __aeabi_fdiv
    bldc.o(.text) refers to bldc.o(.bss.realSpeed) for realSpeed
    bldc.o(.ARM.exidx) refers to bldc.o(.text) for [Anonymous Symbol]
[...]
    ../clib/signal.c                         0x00000000   Number         0  defsig_cppl_inner.o ABSOLUTE
    ../clib/signal.c                         0x00000000   Number         0  defsig_segv_inner.o ABSOLUTE
    ../clib/signal.c                         0x00000000   Number         0  defsig_other.o ABSOLUTE
    ../clib/signal.s                         0x00000000   Number         0  defsig.o ABSOLUTE
    ../clib/stdlib.c                         0x00000000   Number         0  exit.o ABSOLUTE
    ../fplib/d2f.s                           0x00000000   Number         0  d2f.o ABSOLUTE
    ../fplib/daddsub.s                       0x00000000   Number         0  daddsub_clz.o ABSOLUTE
    ../fplib/ddiv.s                          0x00000000   Number         0  ddiv.o ABSOLUTE
    ../fplib/dflt.s                          0x00000000   Number         0  dflt_clz.o ABSOLUTE
    ../fplib/dmul.s                          0x00000000   Number         0  dmul.o ABSOLUTE
    ../fplib/dnaninf.s                       0x00000000   Number         0  dnaninf.o ABSOLUTE
    ../fplib/dretinf.s                       0x00000000   Number         0  dretinf.o ABSOLUTE
    ../fplib/f2d.s                           0x00000000   Number         0  f2d.o ABSOLUTE
    ../fplib/faddsub.s                       0x00000000   Number         0  faddsub_clz.o ABSOLUTE
    ../fplib/fcmp.s                          0x00000000   Number         0  fcmp.o ABSOLUTE
    ../fplib/fcmpi.s                         0x00000000   Number         0  fcmpi.o ABSOLUTE
    ../fplib/fdiv.s                          0x00000000   Number         0  fdiv.o ABSOLUTE
    ../fplib/feqf.s                          0x00000000   Number         0  feqf.o ABSOLUTE
    ../fplib/ffix.s                          0x00000000   Number         0  ffix.o ABSOLUTE
    ../fplib/fflt.s                          0x00000000   Number         0  fflt_clz.o ABSOLUTE
    ../fplib/fgeqf.s                         0x00000000   Number         0  fgeqf.o ABSOLUTE
    ../fplib/fleqf.s                         0x00000000   Number         0  fleqf.o ABSOLUTE
    ../fplib/fmul.s                          0x00000000   Number         0  fmul.o ABSOLUTE
    ../fplib/fnaninf.s                       0x00000000   Number         0  fnaninf.o ABSOLUTE
    ../fplib/fpinit.s                        0x00000000   Number         0  fpinit.o ABSOLUTE
    ../fplib/fpinit_empty.s                  0x00000000   Number         0  fpinit_empty.o ABSOLUTE
    ../fplib/fretinf.s                       0x00000000   Number         0  fretinf.o ABSOLUTE
    ../fplib/usenofp.s                       0x00000000   Number         0  usenofp.o ABSOLUTE
    CIO.cpp                                  0x00000000   Number         0  cio.o ABSOLUTE
    RTE/Device/GD32F130C8/startup_gd32f1x0.s 0x00000000   Number         0  startup_gd32f1x0.o ABSOLUTE
    bldc.c                                   0x00000000   Number         0  bldc.o ABSOLUTE
    comms.c                                  0x00000000   Number         0  comms.o ABSOLUTE
    commsBluetooth.c                         0x00000000   Number         0  commsbluetooth.o ABSOLUTE
    commsMasterSlave.c                       0x00000000   Number         0  commsmasterslave.o ABSOLUTE
    commsSteering.c                          0x00000000   Number         0  commssteering.o ABSOLUTE
    dc.s                                     0x00000000   Number         0  dc.o ABSOLUTE
    gd32f1x0_adc.c                           0x00000000   Number         0  gd32f1x0_adc.o ABSOLUTE
    gd32f1x0_dbg.c                           0x00000000   Number         0  gd32f1x0_dbg.o ABSOLUTE
    gd32f1x0_dma.c                           0x00000000   Number         0  gd32f1x0_dma.o ABSOLUTE
    gd32f1x0_fwdgt.c                         0x00000000   Number         0  gd32f1x0_fwdgt.o ABSOLUTE
    gd32f1x0_gpio.c                          0x00000000   Number         0  gd32f1x0_gpio.o ABSOLUTE
    gd32f1x0_i2c.c                           0x00000000   Number         0  gd32f1x0_i2c.o ABSOLUTE
    gd32f1x0_misc.c                          0x00000000   Number         0  gd32f1x0_misc.o ABSOLUTE
    gd32f1x0_opa.c                           0x00000000   Number         0  gd32f1x0_opa.o ABSOLUTE
    gd32f1x0_pmu.c                           0x00000000   Number         0  gd32f1x0_pmu.o ABSOLUTE
    gd32f1x0_rcu.c                           0x00000000   Number         0  gd32f1x0_rcu.o ABSOLUTE
    gd32f1x0_syscfg.c                        0x00000000   Number         0  gd32f1x0_syscfg.o ABSOLUTE
    gd32f1x0_timer.c                         0x00000000   Number         0  gd32f1x0_timer.o ABSOLUTE
    gd32f1x0_usart.c                         0x00000000   Number         0  gd32f1x0_usart.o ABSOLUTE
    gd32f1x0_wwdgt.c                         0x00000000   Number         0  gd32f1x0_wwdgt.o ABSOLUTE
    it.c                                     0x00000000   Number         0  it.o ABSOLUTE
    led.c                                    0x00000000   Number         0  led.o ABSOLUTE
    main.c                                   0x00000000   Number         0  main.o ABSOLUTE
    main.cpp                                 0x00000000   Number         0  main_1.o ABSOLUTE
    setup.c                                  0x00000000   Number         0  setup.o ABSOLUTE
    system_gd32f1x0.c                        0x00000000   Number         0  system_gd32f1x0.o ABSOLUTE
    RESET                                    0x08000000   Section      360  startup_gd32f1x0.o(RESET)
    !!!main                                  0x08000168   Section        8  __main.o(!!!main)
    !!!scatter                               0x08000170   Section       52  __scatter.o(!!!scatter)
    !!handler_copy                           0x080001a4   Section       26  __scatter_copy.o(!!handler_copy)
    !!handler_zi                             0x080001c0   Section       28  __scatter_zi.o(!!handler_zi)
    .ARM.Collect$$libinit$$00000000          0x080001dc   Section        2  libinit.o(.ARM.Collect$$libinit$$00000000)
    .ARM.Collect$$libinit$$00000002          0x080001de   Section        0  libinit2.o(.ARM.Collect$$libinit$$00000002)
    .ARM.Collect$$libinit$$00000004          0x080001de   Section        0  libinit2.o(.ARM.Collect$$libinit$$00000004)
    .ARM.Collect$$libinit$$00000006          0x080001de   Section        0  libinit2.o(.ARM.Collect$$libinit$$00000006)
    .ARM.Collect$$libinit$$0000000C          0x080001de   Section        0  libinit2.o(.ARM.Collect$$libinit$$0000000C)
    .ARM.Collect$$libinit$$0000000E          0x080001de   Section        0  libinit2.o(.ARM.Collect$$libinit$$0000000E)
    .ARM.Collect$$libinit$$00000010          0x080001de   Section        0  libinit2.o(.ARM.Collect$$libinit$$00000010)
    .ARM.Collect$$libinit$$00000013          0x080001de   Section        0  libinit2.o(.ARM.Collect$$libinit$$00000013)
    .ARM.Collect$$libinit$$00000015          0x080001de   Section        0  libinit2.o(.ARM.Collect$$libinit$$00000015)
    .ARM.Collect$$libinit$$00000017          0x080001de   Section        0  libinit2.o(.ARM.Collect$$libinit$$00000017)
    .ARM.Collect$$libinit$$00000019          0x080001de   Section        0  libinit2.o(.ARM.Collect$$libinit$$00000019)
    .ARM.Collect$$libinit$$0000001B          0x080001de   Section        0  libinit2.o(.ARM.Collect$$libinit$$0000001B)
    .ARM.Collect$$libinit$$0000001D          0x080001de   Section        0  libinit2.o(.ARM.Collect$$libinit$$0000001D)
    .ARM.Collect$$libinit$$0000001F          0x080001de   Section        0  libinit2.o(.ARM.Collect$$libinit$$0000001F)
    .ARM.Collect$$libinit$$00000021          0x080001de   Section        0  libinit2.o(.ARM.Collect$$libinit$$00000021)
    .ARM.Collect$$libinit$$00000023          0x080001de   Section        0  libinit2.o(.ARM.Collect$$libinit$$00000023)
    .ARM.Collect$$libinit$$00000025          0x080001de   Section        0  libinit2.o(.ARM.Collect$$libinit$$00000025)
    .ARM.Collect$$libinit$$00000027          0x080001de   Section        0  libinit2.o(.ARM.Collect$$libinit$$00000027)
    .ARM.Collect$$libinit$$0000002E          0x080001de   Section        0  libinit2.o(.ARM.Collect$$libinit$$0000002E)
    .ARM.Collect$$libinit$$00000030          0x080001de   Section        0  libinit2.o(.ARM.Collect$$libinit$$00000030)
    .ARM.Collect$$libinit$$00000032          0x080001de   Section        0  libinit2.o(.ARM.Collect$$libinit$$00000032)
    .ARM.Collect$$libinit$$00000034          0x080001de   Section        0  libinit2.o(.ARM.Collect$$libinit$$00000034)
    .ARM.Collect$$libinit$$00000035          0x080001de   Section        2  libinit2.o(.ARM.Collect$$libinit$$00000035)
    .ARM.Collect$$libshutdown$$00000000      0x080001e0   Section        2  libshutdown.o(.ARM.Collect$$libshutdown$$00000000)
    .ARM.Collect$$libshutdown$$00000002      0x080001e2   Section        0  libshutdown2.o(.ARM.Collect$$libshutdown$$00000002)
    .ARM.Collect$$libshutdown$$00000004      0x080001e2   Section        0  libshutdown2.o(.ARM.Collect$$libshutdown$$00000004)
    .ARM.Collect$$libshutdown$$00000007      0x080001e2   Section        0  libshutdown2.o(.ARM.Collect$$libshutdown$$00000007)
    .ARM.Collect$$libshutdown$$0000000A      0x080001e2   Section        0  libshutdown2.o(.ARM.Collect$$libshutdown$$0000000A)
    .ARM.Collect$$libshutdown$$0000000C      0x080001e2   Section        0  libshutdown2.o(.ARM.Collect$$libshutdown$$0000000C)
    .ARM.Collect$$libshutdown$$0000000F      0x080001e2   Section        0  libshutdown2.o(.ARM.Collect$$libshutdown$$0000000F)
    .ARM.Collect$$libshutdown$$00000010      0x080001e2   Section        2  libshutdown2.o(.ARM.Collect$$libshutdown$$00000010)
    .ARM.Collect$$rtentry$$00000000          0x080001e4   Section        0  __rtentry.o(.ARM.Collect$$rtentry$$00000000)
    .ARM.Collect$$rtentry$$00000002          0x080001e4   Section        0  __rtentry2.o(.ARM.Collect$$rtentry$$00000002)
    .ARM.Collect$$rtentry$$00000004          0x080001e4   Section        6  __rtentry4.o(.ARM.Collect$$rtentry$$00000004)
    .ARM.Collect$$rtentry$$00000009          0x080001ea   Section        0  __rtentry2.o(.ARM.Collect$$rtentry$$00000009)
    .ARM.Collect$$rtentry$$0000000A          0x080001ea   Section        4  __rtentry2.o(.ARM.Collect$$rtentry$$0000000A)
    .ARM.Collect$$rtentry$$0000000C          0x080001ee   Section        0  __rtentry2.o(.ARM.Collect$$rtentry$$0000000C)
    .ARM.Collect$$rtentry$$0000000D          0x080001ee   Section        8  __rtentry2.o(.ARM.Collect$$rtentry$$0000000D)
    .ARM.Collect$$rtexit$$00000000           0x080001f6   Section        2  rtexit.o(.ARM.Collect$$rtexit$$00000000)
    .ARM.Collect$$rtexit$$00000002           0x080001f8   Section        0  rtexit2.o(.ARM.Collect$$rtexit$$00000002)
    .ARM.Collect$$rtexit$$00000003           0x080001f8   Section        4  rtexit2.o(.ARM.Collect$$rtexit$$00000003)
    .ARM.Collect$$rtexit$$00000004           0x080001fc   Section        6  rtexit2.o(.ARM.Collect$$rtexit$$00000004)
    [Anonymous Symbol]                       0x08000204   Section        0  bldc.o(.text)
    [Anonymous Symbol]                       0x08000608   Section        0  setup.o(.text)
    [Anonymous Symbol]                       0x08000dc0   Section        0  it.o(.text)
    [Anonymous Symbol]                       0x08000f04   Section        0  comms.o(.text)
    [Anonymous Symbol]                       0x08000f70   Section        0  commssteering.o(.text)
    [Anonymous Symbol]                       0x08001094   Section        0  commsmasterslave.o(.text)
    [Anonymous Symbol]                       0x08001210   Section        0  main_1.o(.text)
    [Anonymous Symbol]                       0x080012fc   Section        0  cio.o(.text)
    [Anonymous Symbol]                       0x08001374   Section        0  gd32f1x0_adc.o(.text)
    [Anonymous Symbol]                       0x0800191c   Section        0  gd32f1x0_dma.o(.text)
    [Anonymous Symbol]                       0x08001c68   Section        0  gd32f1x0_fwdgt.o(.text)
    [Anonymous Symbol]                       0x08001d44   Section        0  gd32f1x0_gpio.o(.text)
    [Anonymous Symbol]                       0x08001edc   Section        0  gd32f1x0_misc.o(.text)
    [Anonymous Symbol]                       0x0800200c   Section        0  gd32f1x0_rcu.o(.text)
    [Anonymous Symbol]                       0x0800273c   Section        0  gd32f1x0_timer.o(.text)
    [Anonymous Symbol]                       0x0800349c   Section        0  gd32f1x0_usart.o(.text)
    .text                                    0x08003adc   Section       64  startup_gd32f1x0.o(.text)
    [Anonymous Symbol]                       0x08003b1c   Section        0  system_gd32f1x0.o(.text)
    .text                                    0x08003c58   Section        0  heapauxi.o(.text)
    .text                                    0x08003c5e   Section       74  sys_stackheap_outer.o(.text)
    .text                                    0x08003ca8   Section        0  exit.o(.text)
    .text                                    0x08003cbc   Section        8  libspace.o(.text)
    .text                                    0x08003cc4   Section        0  sys_exit.o(.text)
    .text                                    0x08003cd0   Section        2  use_no_semi.o(.text)
    .text                                    0x08003cd2   Section        0  indicate_semi.o(.text)
    x$fpl$d2f                                0x08003cd4   Section       98  d2f.o(x$fpl$d2f)
    x$fpl$dadd                               0x08003d38   Section      336  daddsub_clz.o(x$fpl$dadd)
    _dadd1                                   0x08003d49   Thumb Code     0  daddsub_clz.o(x$fpl$dadd)
    x$fpl$dflt                               0x08003e88   Section       46  dflt_clz.o(x$fpl$dflt)
    x$fpl$dfltu                              0x08003eb6   Section       38  dflt_clz.o(x$fpl$dfltu)
    x$fpl$dmul                               0x08003edc   Section      340  dmul.o(x$fpl$dmul)
    x$fpl$dnaninf                            0x08004030   Section      156  dnaninf.o(x$fpl$dnaninf)
    x$fpl$dretinf                            0x080040cc   Section       12  dretinf.o(x$fpl$dretinf)
    x$fpl$dsub                               0x080040d8   Section      476  daddsub_clz.o(x$fpl$dsub)
    _dsub1                                   0x080040e9   Thumb Code     0  daddsub_clz.o(x$fpl$dsub)
    x$fpl$f2d                                0x080042b4   Section       86  f2d.o(x$fpl$f2d)
    x$fpl$fcmp                               0x0800430a   Section       84  fcmp.o(x$fpl$fcmp)
    x$fpl$fcmpinf                            0x0800435e   Section       24  fcmpi.o(x$fpl$fcmpinf)
    _fdiv1                                   0x08004379   Thumb Code     0  fdiv.o(x$fpl$fdiv)
    x$fpl$fdiv                               0x08004378   Section      388  fdiv.o(x$fpl$fdiv)
    x$fpl$feqf                               0x080044fc   Section      104  feqf.o(x$fpl$feqf)
    x$fpl$ffix                               0x08004564   Section       54  ffix.o(x$fpl$ffix)
    x$fpl$ffltu                              0x0800459c   Section       38  fflt_clz.o(x$fpl$ffltu)
    x$fpl$fgeqf                              0x080045c4   Section      104  fgeqf.o(x$fpl$fgeqf)
    x$fpl$fleqf                              0x0800462c   Section      104  fleqf.o(x$fpl$fleqf)
    x$fpl$fmul                               0x08004694   Section      258  fmul.o(x$fpl$fmul)
    x$fpl$fnaninf                            0x08004796   Section      140  fnaninf.o(x$fpl$fnaninf)
    x$fpl$fretinf                            0x08004822   Section       10  fretinf.o(x$fpl$fretinf)
    .Lswitch.table.gpio_deinit.1             0x0800482c   Data          12  gd32f1x0_gpio.o(.rodata..Lswitch.table.gpio_deinit.1)
    x$fpl$usenofp                            0x0800482c   Section        0  usenofp.o(x$fpl$usenofp)
    .L__const.rcu_clock_freq_get.apb2_exp    0x08004838   Data           8  gd32f1x0_rcu.o(.rodata.cst8)
    iReceivePos                              0x2000000a   Data           2  commssteering.o(.data.iReceivePos)
    [Anonymous Symbol]                       0x2000000a   Section        0  commssteering.o(.data.iReceivePos)
    iReceivePos                              0x2000000c   Data           2  commsmasterslave.o(.data.iReceivePos)
    [Anonymous Symbol]                       0x2000000c   Section        0  commsmasterslave.o(.data.iReceivePos)
    .bss                                     0x20000018   Section       96  libspace.o(.bss)
    aReceiveBuffer                           0x20000078   Data           7  commssteering.o(.bss.aReceiveBuffer)
    [Anonymous Symbol]                       0x20000078   Section        0  commssteering.o(.bss.aReceiveBuffer)
    aReceiveBuffer                           0x2000007f   Data          12  commsmasterslave.o(.bss.aReceiveBuffer)
    [Anonymous Symbol]                       0x2000007f   Section        0  commsmasterslave.o(.bss.aReceiveBuffer)
    Heap_Mem                                 0x20000168   Data        1024  startup_gd32f1x0.o(HEAP)
    HEAP                                     0x20000168   Section     1024  startup_gd32f1x0.o(HEAP)
    Stack_Mem                                0x20000568   Data        1024  startup_gd32f1x0.o(STACK)
    STACK                                    0x20000568   Section     1024  startup_gd32f1x0.o(STACK)
    __initial_sp                             0x20000968   Data           0  startup_gd32f1x0.o(STACK)

    Global Symbols

    Symbol Name                              Value     Ov Type        Size  Object(Section)

    BuildAttributes$$THM_ISAv4$P$D$K$B$S$PE$A:L22UL41UL21$X:L11$S22US41US21$IEEE1$IW$~IW$USESV6$~STKCKD$USESV7$~SHL$OTIME$ROPI$EBA8$UX$STANDARDLIB$REQ8$PRES8$EABIv2 0x00000000   Number         0  anon$$obj.o ABSOLUTE
    __fp_init_empty                          0x00000000   Number         0  fpinit_empty.o ABSOLUTE
    __ARM_exceptions_init                     - Undefined Weak Reference
    __alloca_initialize                       - Undefined Weak Reference
    __arm_preinit_                            - Undefined Weak Reference
    __arm_relocate_pie_                       - Undefined Weak Reference
    __cpp_initialize__aeabi_                  - Undefined Weak Reference
    __cxa_finalize                            - Undefined Weak Reference
    __rt_locale                               - Undefined Weak Reference
    __sigvec_lookup                           - Undefined Weak Reference
    _atexit_init                              - Undefined Weak Reference
    _call_atexit_fns                          - Undefined Weak Reference
    _clock_init                               - Undefined Weak Reference
    _fp_trap_init                             - Undefined Weak Reference
    _fp_trap_shutdown                         - Undefined Weak Reference
    _get_lc_collate                           - Undefined Weak Reference
    _get_lc_ctype                             - Undefined Weak Reference
    _get_lc_monetary                          - Undefined Weak Reference
    _get_lc_numeric                           - Undefined Weak Reference
    _get_lc_time                              - Undefined Weak Reference
    _getenv_init                              - Undefined Weak Reference
    _handle_redirection                       - Undefined Weak Reference
    _init_alloc                               - Undefined Weak Reference
    _init_user_alloc                          - Undefined Weak Reference
    _initio                                   - Undefined Weak Reference
    _rand_init                                - Undefined Weak Reference
    _signal_finish                            - Undefined Weak Reference
    _signal_init                              - Undefined Weak Reference
    _terminate_alloc                          - Undefined Weak Reference
    _terminate_user_alloc                     - Undefined Weak Reference
    _terminateio                              - Undefined Weak Reference
    __Vectors_Size                           0x00000168   Number         0  startup_gd32f1x0.o ABSOLUTE
    __Vectors                                0x08000000   Data           4  startup_gd32f1x0.o(RESET)
    __Vectors_End                            0x08000168   Data           0  startup_gd32f1x0.o(RESET)
    __main                                   0x08000169   Thumb Code     8  __main.o(!!!main)
    __scatterload                            0x08000171   Thumb Code     0  __scatter.o(!!!scatter)
    __scatterload_rt2                        0x08000171   Thumb Code    44  __scatter.o(!!!scatter)
    __scatterload_rt2_thumb_only             0x08000171   Thumb Code     0  __scatter.o(!!!scatter)
    __scatterload_null                       0x0800017f   Thumb Code     0  __scatter.o(!!!scatter)
    __scatterload_copy                       0x080001a5   Thumb Code    26  __scatter_copy.o(!!handler_copy)
    __scatterload_zeroinit                   0x080001c1   Thumb Code    28  __scatter_zi.o(!!handler_zi)
    __rt_lib_init                            0x080001dd   Thumb Code     0  libinit.o(.ARM.Collect$$libinit$$00000000)
    __rt_lib_init_alloca_1                   0x080001df   Thumb Code     0  libinit2.o(.ARM.Collect$$libinit$$00000030)
    __rt_lib_init_argv_1                     0x080001df   Thumb Code     0  libinit2.o(.ARM.Collect$$libinit$$0000002E)
    __rt_lib_init_atexit_1                   0x080001df   Thumb Code     0  libinit2.o(.ARM.Collect$$libinit$$0000001D)
    __rt_lib_init_clock_1                    0x080001df   Thumb Code     0  libinit2.o(.ARM.Collect$$libinit$$00000023)
    __rt_lib_init_cpp_1                      0x080001df   Thumb Code     0  libinit2.o(.ARM.Collect$$libinit$$00000034)
    __rt_lib_init_exceptions_1               0x080001df   Thumb Code     0  libinit2.o(.ARM.Collect$$libinit$$00000032)
    __rt_lib_init_fp_1                       0x080001df   Thumb Code     0  libinit2.o(.ARM.Collect$$libinit$$00000002)
    __rt_lib_init_fp_trap_1                  0x080001df   Thumb Code     0  libinit2.o(.ARM.Collect$$libinit$$00000021)
    __rt_lib_init_getenv_1                   0x080001df   Thumb Code     0  libinit2.o(.ARM.Collect$$libinit$$00000025)
    __rt_lib_init_heap_1                     0x080001df   Thumb Code     0  libinit2.o(.ARM.Collect$$libinit$$0000000C)
    __rt_lib_init_lc_collate_1               0x080001df   Thumb Code     0  libinit2.o(.ARM.Collect$$libinit$$00000013)
    __rt_lib_init_lc_ctype_1                 0x080001df   Thumb Code     0  libinit2.o(.ARM.Collect$$libinit$$00000015)
    __rt_lib_init_lc_monetary_1              0x080001df   Thumb Code     0  libinit2.o(.ARM.Collect$$libinit$$00000017)
    __rt_lib_init_lc_numeric_1               0x080001df   Thumb Code     0  libinit2.o(.ARM.Collect$$libinit$$00000019)
    __rt_lib_init_lc_time_1                  0x080001df   Thumb Code     0  libinit2.o(.ARM.Collect$$libinit$$0000001B)
    __rt_lib_init_preinit_1                  0x080001df   Thumb Code     0  libinit2.o(.ARM.Collect$$libinit$$00000006)
    __rt_lib_init_rand_1                     0x080001df   Thumb Code     0  libinit2.o(.ARM.Collect$$libinit$$00000010)
    __rt_lib_init_relocate_pie_1             0x080001df   Thumb Code     0  libinit2.o(.ARM.Collect$$libinit$$00000004)
    __rt_lib_init_return                     0x080001df   Thumb Code     0  libinit2.o(.ARM.Collect$$libinit$$00000035)
    __rt_lib_init_signal_1                   0x080001df   Thumb Code     0  libinit2.o(.ARM.Collect$$libinit$$0000001F)
    __rt_lib_init_stdio_1                    0x080001df   Thumb Code     0  libinit2.o(.ARM.Collect$$libinit$$00000027)
    __rt_lib_init_user_alloc_1               0x080001df   Thumb Code     0  libinit2.o(.ARM.Collect$$libinit$$0000000E)
    __rt_lib_shutdown                        0x080001e1   Thumb Code     0  libshutdown.o(.ARM.Collect$$libshutdown$$00000000)
    __rt_lib_shutdown_cpp_1                  0x080001e3   Thumb Code     0  libshutdown2.o(.ARM.Collect$$libshutdown$$00000002)
    __rt_lib_shutdown_fp_trap_1              0x080001e3   Thumb Code     0  libshutdown2.o(.ARM.Collect$$libshutdown$$00000007)
    __rt_lib_shutdown_heap_1                 0x080001e3   Thumb Code     0  libshutdown2.o(.ARM.Collect$$libshutdown$$0000000F)
    __rt_lib_shutdown_return                 0x080001e3   Thumb Code     0  libshutdown2.o(.ARM.Collect$$libshutdown$$00000010)
    __rt_lib_shutdown_signal_1               0x080001e3   Thumb Code     0  libshutdown2.o(.ARM.Collect$$libshutdown$$0000000A)
    __rt_lib_shutdown_stdio_1                0x080001e3   Thumb Code     0  libshutdown2.o(.ARM.Collect$$libshutdown$$00000004)
    __rt_lib_shutdown_user_alloc_1           0x080001e3   Thumb Code     0  libshutdown2.o(.ARM.Collect$$libshutdown$$0000000C)
    __rt_entry                               0x080001e5   Thumb Code     0  __rtentry.o(.ARM.Collect$$rtentry$$00000000)
    __rt_entry_presh_1                       0x080001e5   Thumb Code     0  __rtentry2.o(.ARM.Collect$$rtentry$$00000002)
    __rt_entry_sh                            0x080001e5   Thumb Code     0  __rtentry4.o(.ARM.Collect$$rtentry$$00000004)
    __rt_entry_li                            0x080001eb   Thumb Code     0  __rtentry2.o(.ARM.Collect$$rtentry$$0000000A)
    __rt_entry_postsh_1                      0x080001eb   Thumb Code     0  __rtentry2.o(.ARM.Collect$$rtentry$$00000009)
    __rt_entry_main                          0x080001ef   Thumb Code     0  __rtentry2.o(.ARM.Collect$$rtentry$$0000000D)
    __rt_entry_postli_1                      0x080001ef   Thumb Code     0  __rtentry2.o(.ARM.Collect$$rtentry$$0000000C)
    __rt_exit                                0x080001f7   Thumb Code     0  rtexit.o(.ARM.Collect$$rtexit$$00000000)
    __rt_exit_ls                             0x080001f9   Thumb Code     0  rtexit2.o(.ARM.Collect$$rtexit$$00000003)
    __rt_exit_prels_1                        0x080001f9   Thumb Code     0  rtexit2.o(.ARM.Collect$$rtexit$$00000002)
    __rt_exit_exit                           0x080001fd   Thumb Code     0  rtexit2.o(.ARM.Collect$$rtexit$$00000004)
    blockPWM                                 0x08000205   Thumb Code   106  bldc.o(.text)
    SetEnable                                0x08000271   Thumb Code    12  bldc.o(.text)
    SetPWM                                   0x0800027d   Thumb Code    38  bldc.o(.text)
    CalculateBLDC                            0x080002a5   Thumb Code   868  bldc.o(.text)
    Interrupt_init                           0x08000609   Thumb Code     8  setup.o(.text)
    Watchdog_init                            0x08000611   Thumb Code    56  setup.o(.text)
    TimeoutTimer_init                        0x08000649   Thumb Code    92  setup.o(.text)
    GPIO_init                                0x080006a5   Thumb Code   802  setup.o(.text)
    PWM_init                                 0x080009c9   Thumb Code   372  setup.o(.text)
    ADC_init                                 0x08000b3d   Thumb Code   234  setup.o(.text)
    USART_MasterSlave_init                   0x08000c29   Thumb Code   204  setup.o(.text)
    USART_Steer_COM_init                     0x08000cf5   Thumb Code   204  setup.o(.text)
    SysTick_Handler                          0x08000dc1   Thumb Code    16  it.o(.text)
    ResetTimeout                             0x08000dd1   Thumb Code    14  it.o(.text)
    TIMER13_IRQHandler                       0x08000de1   Thumb Code    96  it.o(.text)
    TIMER0_BRK_UP_TRG_COM_IRQHandler         0x08000e41   Thumb Code    26  it.o(.text)
    DMA_Channel0_IRQHandler                  0x08000e5d   Thumb Code    32  it.o(.text)
    DMA_Channel1_2_IRQHandler                0x08000e7d   Thumb Code    32  it.o(.text)
    DMA_Channel3_4_IRQHandler                0x08000e9d   Thumb Code    32  it.o(.text)
    millis                                   0x08000ebd   Thumb Code    12  it.o(.text)
    Delay                                    0x08000ec9   Thumb Code    28  it.o(.text)
    NMI_Handler                              0x08000ee5   Thumb Code     2  it.o(.text)
    HardFault_Handler                        0x08000ee9   Thumb Code     2  it.o(.text)
    MemManage_Handler                        0x08000eed   Thumb Code     2  it.o(.text)
    BusFault_Handler                         0x08000ef1   Thumb Code     2  it.o(.text)
    UsageFault_Handler                       0x08000ef5   Thumb Code     2  it.o(.text)
    SVC_Handler                              0x08000ef9   Thumb Code     2  it.o(.text)
    DebugMon_Handler                         0x08000efd   Thumb Code     2  it.o(.text)
    PendSV_Handler                           0x08000f01   Thumb Code     2  it.o(.text)
    SendBuffer                               0x08000f05   Thumb Code    48  comms.o(.text)
    CalcCRC                                  0x08000f35   Thumb Code    60  comms.o(.text)
    SendSteerDevice                          0x08000f71   Thumb Code   170  commssteering.o(.text)
    UpdateUSARTSteerInput                    0x0800101d   Thumb Code   118  commssteering.o(.text)
    UpdateUSARTMasterSlaveInput              0x08001095   Thumb Code   178  commsmasterslave.o(.text)
    ProessReceived                           0x08001149   Thumb Code   100  commsmasterslave.o(.text)
    SendSlave                                0x080011ad   Thumb Code    98  commsmasterslave.o(.text)
    main                                     0x08001211   Thumb Code   234  main_1.o(.text)
    CIO::CIO(unsigned int, unsigned int, unsigned int, unsigned int, unsigned char, unsigned int) 0x080012fd   Thumb Code    86  cio.o(.text)
    CIO::CIO__sub_object(unsigned int, unsigned int, unsigned int, unsigned int, unsigned char, unsigned int) 0x080012fd   Thumb Code    86  cio.o(.text)
    CIO::Set(bool)                           0x08001355   Thumb Code    12  cio.o(.text)
    CIO::Get()                               0x08001361   Thumb Code    20  cio.o(.text)
    adc_deinit                               0x08001375   Thumb Code    22  gd32f1x0_adc.o(.text)
    adc_enable                               0x0800138d   Thumb Code    26  gd32f1x0_adc.o(.text)
    adc_disable                              0x080013a9   Thumb Code    18  gd32f1x0_adc.o(.text)
    adc_calibration_enable                   0x080013bd   Thumb Code    40  gd32f1x0_adc.o(.text)
    adc_dma_mode_enable                      0x080013e5   Thumb Code    18  gd32f1x0_adc.o(.text)
    adc_dma_mode_disable                     0x080013f9   Thumb Code    18  gd32f1x0_adc.o(.text)
    adc_tempsensor_vrefint_enable            0x0800140d   Thumb Code    18  gd32f1x0_adc.o(.text)
    adc_tempsensor_vrefint_disable           0x08001421   Thumb Code    18  gd32f1x0_adc.o(.text)
    adc_vbat_enable                          0x08001435   Thumb Code    18  gd32f1x0_adc.o(.text)
    adc_vbat_disable                         0x08001449   Thumb Code    18  gd32f1x0_adc.o(.text)
    adc_discontinuous_mode_config            0x0800145d   Thumb Code    68  gd32f1x0_adc.o(.text)
    adc_special_function_config              0x080014a1   Thumb Code   100  gd32f1x0_adc.o(.text)
    adc_data_alignment_config                0x08001505   Thumb Code    26  gd32f1x0_adc.o(.text)
    adc_channel_length_config                0x08001521   Thumb Code    82  gd32f1x0_adc.o(.text)
    adc_regular_channel_config               0x08001575   Thumb Code   180  gd32f1x0_adc.o(.text)
    adc_inserted_channel_config              0x08001629   Thumb Code   114  gd32f1x0_adc.o(.text)
    adc_inserted_channel_offset_config       0x0800169d   Thumb Code    32  gd32f1x0_adc.o(.text)
    adc_external_trigger_config              0x080016bd   Thumb Code    72  gd32f1x0_adc.o(.text)
    adc_external_trigger_source_config       0x08001705   Thumb Code    42  gd32f1x0_adc.o(.text)
    adc_software_trigger_enable              0x08001731   Thumb Code    36  gd32f1x0_adc.o(.text)
    adc_regular_data_read                    0x08001755   Thumb Code    14  gd32f1x0_adc.o(.text)
    adc_inserted_data_read                   0x08001765   Thumb Code    74  gd32f1x0_adc.o(.text)
    adc_flag_get                             0x080017b1   Thumb Code    18  gd32f1x0_adc.o(.text)
    adc_flag_clear                           0x080017c5   Thumb Code    18  gd32f1x0_adc.o(.text)
    adc_interrupt_flag_get                   0x080017d9   Thumb Code    56  gd32f1x0_adc.o(.text)
    adc_interrupt_flag_clear                 0x08001811   Thumb Code    18  gd32f1x0_adc.o(.text)
    adc_interrupt_enable                     0x08001825   Thumb Code    48  gd32f1x0_adc.o(.text)
    adc_interrupt_disable                    0x08001855   Thumb Code    48  gd32f1x0_adc.o(.text)
    adc_watchdog_single_channel_enable       0x08001885   Thumb Code    42  gd32f1x0_adc.o(.text)
    adc_watchdog_group_channel_enable        0x080018b1   Thumb Code    48  gd32f1x0_adc.o(.text)
    adc_watchdog_disable                     0x080018ed   Thumb Code    24  gd32f1x0_adc.o(.text)
    adc_watchdog_threshold_config            0x08001905   Thumb Code    22  gd32f1x0_adc.o(.text)
    dma_deinit                               0x0800191d   Thumb Code    48  gd32f1x0_dma.o(.text)
    dma_struct_para_init                     0x0800194d   Thumb Code    24  gd32f1x0_dma.o(.text)
    dma_init                                 0x08001965   Thumb Code   122  gd32f1x0_dma.o(.text)
    dma_circulation_enable                   0x080019e1   Thumb Code    24  gd32f1x0_dma.o(.text)
    dma_circulation_disable                  0x080019f9   Thumb Code    24  gd32f1x0_dma.o(.text)
    dma_memory_to_memory_enable              0x08001a11   Thumb Code    24  gd32f1x0_dma.o(.text)
    dma_memory_to_memory_disable             0x08001a29   Thumb Code    24  gd32f1x0_dma.o(.text)
    dma_channel_enable                       0x08001a41   Thumb Code    24  gd32f1x0_dma.o(.text)
    dma_channel_disable                      0x08001a59   Thumb Code    24  gd32f1x0_dma.o(.text)
    dma_periph_address_config                0x08001a71   Thumb Code    16  gd32f1x0_dma.o(.text)
    dma_memory_address_config                0x08001a81   Thumb Code    16  gd32f1x0_dma.o(.text)
    dma_transfer_number_config               0x08001a91   Thumb Code    16  gd32f1x0_dma.o(.text)
    dma_transfer_number_get                  0x08001aa1   Thumb Code    16  gd32f1x0_dma.o(.text)
    dma_priority_config                      0x08001ab1   Thumb Code    26  gd32f1x0_dma.o(.text)
    dma_memory_width_config                  0x08001acd   Thumb Code    26  gd32f1x0_dma.o(.text)
    dma_periph_width_config                  0x08001ae9   Thumb Code    26  gd32f1x0_dma.o(.text)
    dma_memory_increase_enable               0x08001b05   Thumb Code    24  gd32f1x0_dma.o(.text)
    dma_memory_increase_disable              0x08001b1d   Thumb Code    24  gd32f1x0_dma.o(.text)
    dma_periph_increase_enable               0x08001b35   Thumb Code    24  gd32f1x0_dma.o(.text)
    dma_periph_increase_disable              0x08001b4d   Thumb Code    24  gd32f1x0_dma.o(.text)
    dma_transfer_direction_config            0x08001b65   Thumb Code    30  gd32f1x0_dma.o(.text)
    dma_interrupt_flag_get                   0x08001b85   Thumb Code   116  gd32f1x0_dma.o(.text)
    dma_interrupt_flag_clear                 0x08001bf9   Thumb Code    20  gd32f1x0_dma.o(.text)
    dma_interrupt_enable                     0x08001c0d   Thumb Code    22  gd32f1x0_dma.o(.text)
    dma_interrupt_disable                    0x08001c25   Thumb Code    24  gd32f1x0_dma.o(.text)
    dma_flag_get                             0x08001c3d   Thumb Code    22  gd32f1x0_dma.o(.text)
    dma_flag_clear                           0x08001c55   Thumb Code    20  gd32f1x0_dma.o(.text)
    fwdgt_write_disable                      0x08001c69   Thumb Code    14  gd32f1x0_fwdgt.o(.text)
    fwdgt_counter_reload                     0x08001c79   Thumb Code    16  gd32f1x0_fwdgt.o(.text)
    fwdgt_enable                             0x08001c89   Thumb Code    16  gd32f1x0_fwdgt.o(.text)
    fwdgt_window_value_config                0x08001c99   Thumb Code    52  gd32f1x0_fwdgt.o(.text)
    fwdgt_config                             0x08001ccd   Thumb Code   100  gd32f1x0_fwdgt.o(.text)
    fwdgt_flag_get                           0x08001d31   Thumb Code    18  gd32f1x0_fwdgt.o(.text)
    gpio_deinit                              0x08001d45   Thumb Code    58  gd32f1x0_gpio.o(.text)
    gpio_mode_set                            0x08001d81   Thumb Code    84  gd32f1x0_gpio.o(.text)
    gpio_output_options_set                  0x08001dd5   Thumb Code    70  gd32f1x0_gpio.o(.text)
    gpio_bit_set                             0x08001e1d   Thumb Code     4  gd32f1x0_gpio.o(.text)
    gpio_bit_reset                           0x08001e21   Thumb Code     4  gd32f1x0_gpio.o(.text)
    gpio_bit_write                           0x08001e25   Thumb Code    12  gd32f1x0_gpio.o(.text)
    gpio_port_write                          0x08001e31   Thumb Code     4  gd32f1x0_gpio.o(.text)
    gpio_input_bit_get                       0x08001e35   Thumb Code    10  gd32f1x0_gpio.o(.text)
    gpio_input_port_get                      0x08001e41   Thumb Code     6  gd32f1x0_gpio.o(.text)
    gpio_output_bit_get                      0x08001e49   Thumb Code    10  gd32f1x0_gpio.o(.text)
    gpio_output_port_get                     0x08001e55   Thumb Code     6  gd32f1x0_gpio.o(.text)
    gpio_af_set                              0x08001e5d   Thumb Code   110  gd32f1x0_gpio.o(.text)
    gpio_pin_lock                            0x08001ecd   Thumb Code    16  gd32f1x0_gpio.o(.text)
    nvic_priority_group_set                  0x08001edd   Thumb Code    20  gd32f1x0_misc.o(.text)
    nvic_irq_enable                          0x08001ef1   Thumb Code   168  gd32f1x0_misc.o(.text)
    nvic_irq_disable                         0x08001f99   Thumb Code    30  gd32f1x0_misc.o(.text)
    nvic_vector_table_set                    0x08001fb9   Thumb Code    24  gd32f1x0_misc.o(.text)
    system_lowpower_set                      0x08001fd1   Thumb Code    16  gd32f1x0_misc.o(.text)
    system_lowpower_reset                    0x08001fe1   Thumb Code    18  gd32f1x0_misc.o(.text)
    systick_clksource_set                    0x08001ff5   Thumb Code    24  gd32f1x0_misc.o(.text)
    rcu_deinit                               0x0800200d   Thumb Code   112  gd32f1x0_rcu.o(.text)
    rcu_periph_clock_enable                  0x0800207d   Thumb Code    30  gd32f1x0_rcu.o(.text)
    rcu_periph_clock_disable                 0x0800209d   Thumb Code    32  gd32f1x0_rcu.o(.text)
    rcu_periph_clock_sleep_enable            0x080020bd   Thumb Code    30  gd32f1x0_rcu.o(.text)
    rcu_periph_clock_sleep_disable           0x080020dd   Thumb Code    32  gd32f1x0_rcu.o(.text)
    rcu_periph_reset_enable                  0x080020fd   Thumb Code    30  gd32f1x0_rcu.o(.text)
    rcu_periph_reset_disable                 0x0800211d   Thumb Code    32  gd32f1x0_rcu.o(.text)
    rcu_bkp_reset_enable                     0x0800213d   Thumb Code    18  gd32f1x0_rcu.o(.text)
    rcu_bkp_reset_disable                    0x08002151   Thumb Code    18  gd32f1x0_rcu.o(.text)
    rcu_system_clock_source_config           0x08002165   Thumb Code    20  gd32f1x0_rcu.o(.text)
    rcu_system_clock_source_get              0x08002179   Thumb Code    16  gd32f1x0_rcu.o(.text)
    rcu_ahb_clock_config                     0x08002189   Thumb Code    20  gd32f1x0_rcu.o(.text)
    rcu_apb1_clock_config                    0x0800219d   Thumb Code    20  gd32f1x0_rcu.o(.text)
    rcu_apb2_clock_config                    0x080021b1   Thumb Code    20  gd32f1x0_rcu.o(.text)
    rcu_adc_clock_config                     0x080021c5   Thumb Code    88  gd32f1x0_rcu.o(.text)
    rcu_usbd_clock_config                    0x0800221d   Thumb Code    24  gd32f1x0_rcu.o(.text)
    rcu_ckout_config                         0x08002235   Thumb Code    22  gd32f1x0_rcu.o(.text)
    rcu_pll_config                           0x0800224d   Thumb Code    36  gd32f1x0_rcu.o(.text)
    rcu_usart_clock_config                   0x08002271   Thumb Code    24  gd32f1x0_rcu.o(.text)
    rcu_cec_clock_config                     0x08002289   Thumb Code    24  gd32f1x0_rcu.o(.text)
    rcu_rtc_clock_config                     0x080022a1   Thumb Code    24  gd32f1x0_rcu.o(.text)
    rcu_hxtal_prediv_config                  0x080022b9   Thumb Code    20  gd32f1x0_rcu.o(.text)
    rcu_lxtal_drive_capability_config        0x080022cd   Thumb Code    24  gd32f1x0_rcu.o(.text)
    rcu_flag_get                             0x080022e5   Thumb Code    26  gd32f1x0_rcu.o(.text)
    rcu_all_reset_flag_clear                 0x08002301   Thumb Code    18  gd32f1x0_rcu.o(.text)
    rcu_interrupt_flag_get                   0x08002315   Thumb Code    18  gd32f1x0_rcu.o(.text)
    rcu_interrupt_flag_clear                 0x08002329   Thumb Code    16  gd32f1x0_rcu.o(.text)
    rcu_interrupt_enable                     0x08002339   Thumb Code    16  gd32f1x0_rcu.o(.text)
    rcu_interrupt_disable                    0x08002349   Thumb Code    18  gd32f1x0_rcu.o(.text)
    rcu_osci_stab_wait                       0x0800235d   Thumb Code   324  gd32f1x0_rcu.o(.text)
    rcu_osci_on                              0x080024a1   Thumb Code    30  gd32f1x0_rcu.o(.text)
    rcu_osci_off                             0x080024c1   Thumb Code    32  gd32f1x0_rcu.o(.text)
    rcu_osci_bypass_mode_enable              0x080024e1   Thumb Code    64  gd32f1x0_rcu.o(.text)
    rcu_osci_bypass_mode_disable             0x08002521   Thumb Code    64  gd32f1x0_rcu.o(.text)
    rcu_hxtal_clock_monitor_enable           0x08002561   Thumb Code    18  gd32f1x0_rcu.o(.text)
    rcu_hxtal_clock_monitor_disable          0x08002575   Thumb Code    18  gd32f1x0_rcu.o(.text)
    rcu_irc8m_adjust_value_set               0x08002589   Thumb Code    22  gd32f1x0_rcu.o(.text)
    rcu_irc14m_adjust_value_set              0x080025a1   Thumb Code    22  gd32f1x0_rcu.o(.text)
    rcu_voltage_key_unlock                   0x080025b9   Thumb Code    30  gd32f1x0_rcu.o(.text)
    rcu_deepsleep_voltage_set                0x080025d9   Thumb Code    24  gd32f1x0_rcu.o(.text)
    rcu_power_down_voltage_set               0x080025f1   Thumb Code    24  gd32f1x0_rcu.o(.text)
    rcu_clock_freq_get                       0x08002609   Thumb Code   292  gd32f1x0_rcu.o(.text)
    timer_deinit                             0x0800273d   Thumb Code   194  gd32f1x0_timer.o(.text)
    timer_struct_para_init                   0x08002801   Thumb Code    16  gd32f1x0_timer.o(.text)
    timer_init                               0x08002811   Thumb Code   212  gd32f1x0_timer.o(.text)
    timer_enable                             0x080028e5   Thumb Code    10  gd32f1x0_timer.o(.text)
    timer_disable                            0x080028f1   Thumb Code    10  gd32f1x0_timer.o(.text)
    timer_auto_reload_shadow_enable          0x080028fd   Thumb Code    10  gd32f1x0_timer.o(.text)
    timer_auto_reload_shadow_disable         0x08002909   Thumb Code    10  gd32f1x0_timer.o(.text)
    timer_update_event_enable                0x08002915   Thumb Code    10  gd32f1x0_timer.o(.text)
    timer_update_event_disable               0x08002921   Thumb Code    10  gd32f1x0_timer.o(.text)
    timer_counter_alignment                  0x0800292d   Thumb Code    16  gd32f1x0_timer.o(.text)
    timer_counter_up_direction               0x0800293d   Thumb Code    10  gd32f1x0_timer.o(.text)
    timer_counter_down_direction             0x08002949   Thumb Code    10  gd32f1x0_timer.o(.text)
    timer_prescaler_config                   0x08002955   Thumb Code    18  gd32f1x0_timer.o(.text)
    timer_repetition_value_config            0x08002969   Thumb Code     4  gd32f1x0_timer.o(.text)
    timer_autoreload_value_config            0x0800296d   Thumb Code     4  gd32f1x0_timer.o(.text)
    timer_counter_value_config               0x08002971   Thumb Code     4  gd32f1x0_timer.o(.text)
    timer_counter_read                       0x08002975   Thumb Code     4  gd32f1x0_timer.o(.text)
    timer_prescaler_read                     0x08002979   Thumb Code     6  gd32f1x0_timer.o(.text)
    timer_single_pulse_mode_config           0x08002981   Thumb Code    30  gd32f1x0_timer.o(.text)
    timer_update_source_config               0x080029a1   Thumb Code    30  gd32f1x0_timer.o(.text)
    timer_ocpre_clear_source_config          0x080029c1   Thumb Code    28  gd32f1x0_timer.o(.text)
    timer_interrupt_enable                   0x080029dd   Thumb Code     8  gd32f1x0_timer.o(.text)
    timer_interrupt_disable                  0x080029e5   Thumb Code    10  gd32f1x0_timer.o(.text)
    timer_interrupt_flag_get                 0x080029f1   Thumb Code    22  gd32f1x0_timer.o(.text)
    timer_interrupt_flag_clear               0x08002a09   Thumb Code     6  gd32f1x0_timer.o(.text)
    timer_flag_get                           0x08002a11   Thumb Code    10  gd32f1x0_timer.o(.text)
    timer_flag_clear                         0x08002a1d   Thumb Code     6  gd32f1x0_timer.o(.text)
    timer_dma_enable                         0x08002a25   Thumb Code     8  gd32f1x0_timer.o(.text)
    timer_dma_disable                        0x08002a2d   Thumb Code    10  gd32f1x0_timer.o(.text)
    timer_channel_dma_request_source_select  0x08002a39   Thumb Code    30  gd32f1x0_timer.o(.text)
    timer_dma_transfer_config                0x08002a59   Thumb Code    24  gd32f1x0_timer.o(.text)
    timer_event_software_generate            0x08002a71   Thumb Code     8  gd32f1x0_timer.o(.text)
    timer_break_struct_para_init             0x08002a79   Thumb Code    16  gd32f1x0_timer.o(.text)
    timer_break_config                       0x08002a89   Thumb Code    36  gd32f1x0_timer.o(.text)
    timer_break_enable                       0x08002aad   Thumb Code    10  gd32f1x0_timer.o(.text)
    timer_break_disable                      0x08002ab9   Thumb Code    10  gd32f1x0_timer.o(.text)
    timer_automatic_output_enable            0x08002ac5   Thumb Code    10  gd32f1x0_timer.o(.text)
    timer_automatic_output_disable           0x08002ad1   Thumb Code    10  gd32f1x0_timer.o(.text)
    timer_primary_output_config              0x08002add   Thumb Code    18  gd32f1x0_timer.o(.text)
    timer_channel_control_shadow_config      0x08002af1   Thumb Code    16  gd32f1x0_timer.o(.text)
    timer_channel_control_shadow_update_config 0x08002b01   Thumb Code    30  gd32f1x0_timer.o(.text)
    timer_channel_output_struct_para_init    0x08002b21   Thumb Code    12  gd32f1x0_timer.o(.text)
    timer_channel_output_config              0x08002b2d   Thumb Code   550  gd32f1x0_timer.o(.text)
    timer_channel_output_mode_config         0x08002d55   Thumb Code    58  gd32f1x0_timer.o(.text)
    timer_channel_output_pulse_value_config  0x08002d91   Thumb Code    12  gd32f1x0_timer.o(.text)
    timer_channel_output_shadow_config       0x08002d9d   Thumb Code    58  gd32f1x0_timer.o(.text)
    timer_channel_output_fast_config         0x08002dd9   Thumb Code    58  gd32f1x0_timer.o(.text)
    timer_channel_output_clear_config        0x08002e15   Thumb Code    58  gd32f1x0_timer.o(.text)
    timer_channel_output_polarity_config     0x08002e51   Thumb Code    74  gd32f1x0_timer.o(.text)
    timer_channel_complementary_output_polarity_config 0x08002e9d   Thumb Code    74  gd32f1x0_timer.o(.text)
    timer_channel_output_state_config        0x08002ee9   Thumb Code    74  gd32f1x0_timer.o(.text)
    timer_channel_complementary_output_state_config 0x08002f35   Thumb Code    60  gd32f1x0_timer.o(.text)
    timer_channel_input_struct_para_init     0x08002f71   Thumb Code    12  gd32f1x0_timer.o(.text)
    timer_input_capture_config               0x08002f7d   Thumb Code   346  gd32f1x0_timer.o(.text)
    timer_channel_input_capture_prescaler_config 0x080030d9   Thumb Code    58  gd32f1x0_timer.o(.text)
    timer_channel_capture_value_register_read 0x08003115   Thumb Code    14  gd32f1x0_timer.o(.text)
    timer_input_pwm_capture_config           0x08003125   Thumb Code   356  gd32f1x0_timer.o(.text)
    timer_hall_mode_config                   0x08003289   Thumb Code    30  gd32f1x0_timer.o(.text)
    timer_input_trigger_source_select        0x080032a9   Thumb Code    16  gd32f1x0_timer.o(.text)
    timer_master_output_trigger_source_select 0x080032b9   Thumb Code    16  gd32f1x0_timer.o(.text)
    timer_slave_mode_select                  0x080032c9   Thumb Code    16  gd32f1x0_timer.o(.text)
    timer_master_slave_mode_config           0x080032d9   Thumb Code    30  gd32f1x0_timer.o(.text)
    timer_external_trigger_config            0x080032f9   Thumb Code    34  gd32f1x0_timer.o(.text)
    timer_quadrature_decoder_mode_config     0x0800331d   Thumb Code    78  gd32f1x0_timer.o(.text)
    timer_internal_clock_config              0x0800336d   Thumb Code    10  gd32f1x0_timer.o(.text)
    timer_internal_trigger_as_external_clock_config 0x08003379   Thumb Code    32  gd32f1x0_timer.o(.text)
    timer_external_trigger_as_external_clock_config 0x08003399   Thumb Code   148  gd32f1x0_timer.o(.text)
    timer_external_clock_mode0_config        0x0800342d   Thumb Code    50  gd32f1x0_timer.o(.text)
    timer_external_clock_mode1_config        0x08003461   Thumb Code    42  gd32f1x0_timer.o(.text)
    timer_external_clock_mode1_disable       0x0800348d   Thumb Code    10  gd32f1x0_timer.o(.text)
    timer_channel_remap_config               0x08003499   Thumb Code     4  gd32f1x0_timer.o(.text)
    usart_deinit                             0x0800349d   Thumb Code    54  gd32f1x0_usart.o(.text)
    usart_baudrate_set                       0x080034d5   Thumb Code    90  gd32f1x0_usart.o(.text)
    usart_parity_config                      0x08003531   Thumb Code    24  gd32f1x0_usart.o(.text)
    usart_word_length_set                    0x08003549   Thumb Code    24  gd32f1x0_usart.o(.text)
    usart_stop_bit_set                       0x08003561   Thumb Code    24  gd32f1x0_usart.o(.text)
    usart_enable                             0x08003579   Thumb Code    10  gd32f1x0_usart.o(.text)
    usart_disable                            0x08003585   Thumb Code    10  gd32f1x0_usart.o(.text)
    usart_transmit_config                    0x08003591   Thumb Code    16  gd32f1x0_usart.o(.text)
    usart_receive_config                     0x080035a1   Thumb Code    16  gd32f1x0_usart.o(.text)
    usart_data_transmit                      0x080035b1   Thumb Code     8  gd32f1x0_usart.o(.text)
    usart_data_receive                       0x080035b9   Thumb Code     8  gd32f1x0_usart.o(.text)
    usart_data_first_config                  0x080035c1   Thumb Code    28  gd32f1x0_usart.o(.text)
    usart_invert_config                      0x080035dd   Thumb Code   106  gd32f1x0_usart.o(.text)
    usart_overrun_enable                     0x08003649   Thumb Code    18  gd32f1x0_usart.o(.text)
    usart_overrun_disable                    0x0800365d   Thumb Code    18  gd32f1x0_usart.o(.text)
    usart_oversample_config                  0x08003671   Thumb Code    24  gd32f1x0_usart.o(.text)
    usart_sample_bit_config                  0x08003689   Thumb Code    24  gd32f1x0_usart.o(.text)
    usart_autobaud_detection_enable          0x080036a1   Thumb Code    10  gd32f1x0_usart.o(.text)
    usart_autobaud_detection_disable         0x080036ad   Thumb Code    10  gd32f1x0_usart.o(.text)
    usart_autobaud_detection_mode_config     0x080036b9   Thumb Code    16  gd32f1x0_usart.o(.text)
    usart_mute_mode_enable                   0x080036c9   Thumb Code    10  gd32f1x0_usart.o(.text)
    usart_mute_mode_disable                  0x080036d5   Thumb Code    10  gd32f1x0_usart.o(.text)
    usart_mute_mode_wakeup_config            0x080036e1   Thumb Code    24  gd32f1x0_usart.o(.text)
    usart_address_detection_mode_config      0x080036f9   Thumb Code    28  gd32f1x0_usart.o(.text)
    usart_address_config                     0x08003715   Thumb Code    26  gd32f1x0_usart.o(.text)
    usart_receiver_timeout_enable            0x08003731   Thumb Code    10  gd32f1x0_usart.o(.text)
    usart_receiver_timeout_disable           0x0800373d   Thumb Code    10  gd32f1x0_usart.o(.text)
    usart_receiver_timeout_config            0x08003749   Thumb Code    16  gd32f1x0_usart.o(.text)
    usart_lin_mode_enable                    0x08003759   Thumb Code    18  gd32f1x0_usart.o(.text)
    usart_lin_mode_disable                   0x0800376d   Thumb Code    18  gd32f1x0_usart.o(.text)
    usart_lin_break_detection_length_config  0x08003781   Thumb Code    20  gd32f1x0_usart.o(.text)
    usart_halfduplex_enable                  0x08003795   Thumb Code    18  gd32f1x0_usart.o(.text)
    usart_halfduplex_disable                 0x080037a9   Thumb Code    18  gd32f1x0_usart.o(.text)
    usart_clock_enable                       0x080037bd   Thumb Code    18  gd32f1x0_usart.o(.text)
    usart_clock_disable                      0x080037d1   Thumb Code    18  gd32f1x0_usart.o(.text)
    usart_synchronous_clock_config           0x080037e5   Thumb Code    60  gd32f1x0_usart.o(.text)
    usart_smartcard_mode_enable              0x08003821   Thumb Code    18  gd32f1x0_usart.o(.text)
    usart_smartcard_mode_disable             0x08003835   Thumb Code    18  gd32f1x0_usart.o(.text)
    usart_smartcard_mode_nack_enable         0x08003849   Thumb Code    18  gd32f1x0_usart.o(.text)
    usart_smartcard_mode_nack_disable        0x0800385d   Thumb Code    18  gd32f1x0_usart.o(.text)
    usart_guard_time_config                  0x08003871   Thumb Code    28  gd32f1x0_usart.o(.text)
    usart_block_length_config                0x0800388d   Thumb Code    18  gd32f1x0_usart.o(.text)
    usart_smartcard_autoretry_config         0x080038a1   Thumb Code    30  gd32f1x0_usart.o(.text)
    usart_irda_mode_enable                   0x080038c1   Thumb Code    18  gd32f1x0_usart.o(.text)
    usart_irda_mode_disable                  0x080038d5   Thumb Code    18  gd32f1x0_usart.o(.text)
    usart_irda_lowpower_config               0x080038e9   Thumb Code    20  gd32f1x0_usart.o(.text)
    usart_prescaler_config                   0x080038fd   Thumb Code    24  gd32f1x0_usart.o(.text)
    usart_hardware_flow_rts_config           0x08003915   Thumb Code    24  gd32f1x0_usart.o(.text)
    usart_hardware_flow_cts_config           0x0800392d   Thumb Code    24  gd32f1x0_usart.o(.text)
    usart_rs485_driver_enable                0x08003945   Thumb Code    18  gd32f1x0_usart.o(.text)
    usart_rs485_driver_disable               0x08003959   Thumb Code    18  gd32f1x0_usart.o(.text)
    usart_driver_assertime_config            0x0800396d   Thumb Code    30  gd32f1x0_usart.o(.text)
    usart_driver_deassertime_config          0x0800398d   Thumb Code    30  gd32f1x0_usart.o(.text)
    usart_depolarity_config                  0x080039ad   Thumb Code    28  gd32f1x0_usart.o(.text)
    usart_dma_receive_config                 0x080039c9   Thumb Code    16  gd32f1x0_usart.o(.text)
    usart_dma_transmit_config                0x080039d9   Thumb Code    16  gd32f1x0_usart.o(.text)
    usart_reception_error_dma_disable        0x080039e9   Thumb Code    18  gd32f1x0_usart.o(.text)
    usart_reception_error_dma_enable         0x080039fd   Thumb Code    18  gd32f1x0_usart.o(.text)
    usart_wakeup_enable                      0x08003a11   Thumb Code    10  gd32f1x0_usart.o(.text)
    usart_wakeup_disable                     0x08003a1d   Thumb Code    10  gd32f1x0_usart.o(.text)
    usart_wakeup_mode_config                 0x08003a29   Thumb Code    28  gd32f1x0_usart.o(.text)
    usart_flag_get                           0x08003a45   Thumb Code    16  gd32f1x0_usart.o(.text)
    usart_flag_clear                         0x08003a55   Thumb Code    18  gd32f1x0_usart.o(.text)
    usart_interrupt_enable                   0x08003a69   Thumb Code    24  gd32f1x0_usart.o(.text)
    usart_interrupt_disable                  0x08003a81   Thumb Code    26  gd32f1x0_usart.o(.text)
    usart_command_enable                     0x08003a9d   Thumb Code     8  gd32f1x0_usart.o(.text)
    usart_interrupt_flag_get                 0x08003aa5   Thumb Code    34  gd32f1x0_usart.o(.text)
    usart_interrupt_flag_clear               0x08003ac9   Thumb Code    18  gd32f1x0_usart.o(.text)
    Reset_Handler                            0x08003add   Thumb Code     8  startup_gd32f1x0.o(.text)
    ADC_CMP_IRQHandler                       0x08003af7   Thumb Code     0  startup_gd32f1x0.o(.text)
    CAN0_RX0_IRQHandler                      0x08003af7   Thumb Code     0  startup_gd32f1x0.o(.text)
    CAN0_RX1_IRQHandler                      0x08003af7   Thumb Code     0  startup_gd32f1x0.o(.text)
    CAN0_SCE_IRQHandler                      0x08003af7   Thumb Code     0  startup_gd32f1x0.o(.text)
    CAN0_TX_IRQHandler                       0x08003af7   Thumb Code     0  startup_gd32f1x0.o(.text)
    CAN1_RX0_IRQHandler                      0x08003af7   Thumb Code     0  startup_gd32f1x0.o(.text)
    CAN1_RX1_IRQHandler                      0x08003af7   Thumb Code     0  startup_gd32f1x0.o(.text)
    CAN1_SCE_IRQHandler                      0x08003af7   Thumb Code     0  startup_gd32f1x0.o(.text)
    CAN1_TX_IRQHandler                       0x08003af7   Thumb Code     0  startup_gd32f1x0.o(.text)
    CEC_IRQHandler                           0x08003af7   Thumb Code     0  startup_gd32f1x0.o(.text)
    DMA_Channel5_6_IRQHandler                0x08003af7   Thumb Code     0  startup_gd32f1x0.o(.text)
    EXTI0_1_IRQHandler                       0x08003af7   Thumb Code     0  startup_gd32f1x0.o(.text)
    EXTI2_3_IRQHandler                       0x08003af7   Thumb Code     0  startup_gd32f1x0.o(.text)
    EXTI4_15_IRQHandler                      0x08003af7   Thumb Code     0  startup_gd32f1x0.o(.text)
    FMC_IRQHandler                           0x08003af7   Thumb Code     0  startup_gd32f1x0.o(.text)
    I2C0_ER_IRQHandler                       0x08003af7   Thumb Code     0  startup_gd32f1x0.o(.text)
    I2C0_EV_IRQHandler                       0x08003af7   Thumb Code     0  startup_gd32f1x0.o(.text)
    I2C1_ER_IRQHandler                       0x08003af7   Thumb Code     0  startup_gd32f1x0.o(.text)
    I2C1_EV_IRQHandler                       0x08003af7   Thumb Code     0  startup_gd32f1x0.o(.text)
    I2C2_ER_IRQHandler                       0x08003af7   Thumb Code     0  startup_gd32f1x0.o(.text)
    I2C2_EV_IRQHandler                       0x08003af7   Thumb Code     0  startup_gd32f1x0.o(.text)
    LVD_IRQHandler                           0x08003af7   Thumb Code     0  startup_gd32f1x0.o(.text)
    RCU_IRQHandler                           0x08003af7   Thumb Code     0  startup_gd32f1x0.o(.text)
    RTC_IRQHandler                           0x08003af7   Thumb Code     0  startup_gd32f1x0.o(.text)
    SLCD_IRQHandler                          0x08003af7   Thumb Code     0  startup_gd32f1x0.o(.text)
    SPI0_IRQHandler                          0x08003af7   Thumb Code     0  startup_gd32f1x0.o(.text)
    SPI1_IRQHandler                          0x08003af7   Thumb Code     0  startup_gd32f1x0.o(.text)
    SPI2_IRQHandler                          0x08003af7   Thumb Code     0  startup_gd32f1x0.o(.text)
    TIMER0_Channel_IRQHandler                0x08003af7   Thumb Code     0  startup_gd32f1x0.o(.text)
    TIMER14_IRQHandler                       0x08003af7   Thumb Code     0  startup_gd32f1x0.o(.text)
    TIMER15_IRQHandler                       0x08003af7   Thumb Code     0  startup_gd32f1x0.o(.text)
    TIMER16_IRQHandler                       0x08003af7   Thumb Code     0  startup_gd32f1x0.o(.text)
    TIMER1_IRQHandler                        0x08003af7   Thumb Code     0  startup_gd32f1x0.o(.text)
    TIMER2_IRQHandler                        0x08003af7   Thumb Code     0  startup_gd32f1x0.o(.text)
    TIMER5_DAC_IRQHandler                    0x08003af7   Thumb Code     0  startup_gd32f1x0.o(.text)
    TSI_IRQHandler                           0x08003af7   Thumb Code     0  startup_gd32f1x0.o(.text)
    USART0_IRQHandler                        0x08003af7   Thumb Code     0  startup_gd32f1x0.o(.text)
    USART1_IRQHandler                        0x08003af7   Thumb Code     0  startup_gd32f1x0.o(.text)
    USBDWakeUp_IRQHandler                    0x08003af7   Thumb Code     0  startup_gd32f1x0.o(.text)
    USBD_HP_IRQHandler                       0x08003af7   Thumb Code     0  startup_gd32f1x0.o(.text)
    USBD_LP_IRQHandler                       0x08003af7   Thumb Code     0  startup_gd32f1x0.o(.text)
    WWDGT_IRQHandler                         0x08003af7   Thumb Code     0  startup_gd32f1x0.o(.text)
    __user_initial_stackheap                 0x08003af9   Thumb Code    10  startup_gd32f1x0.o(.text)
    SystemInit                               0x08003b1d   Thumb Code   188  system_gd32f1x0.o(.text)
    SystemCoreClockUpdate                    0x08003bd9   Thumb Code   112  system_gd32f1x0.o(.text)
    __use_two_region_memory                  0x08003c59   Thumb Code     2  heapauxi.o(.text)
    __rt_heap_escrow$2region                 0x08003c5b   Thumb Code     2  heapauxi.o(.text)
    __rt_heap_expand$2region                 0x08003c5d   Thumb Code     2  heapauxi.o(.text)
    __user_setup_stackheap                   0x08003c5f   Thumb Code    74  sys_stackheap_outer.o(.text)
    exit                                     0x08003ca9   Thumb Code    18  exit.o(.text)
    __user_libspace                          0x08003cbd   Thumb Code     8  libspace.o(.text)
    __user_perproc_libspace                  0x08003cbd   Thumb Code     0  libspace.o(.text)
    __user_perthread_libspace                0x08003cbd   Thumb Code     0  libspace.o(.text)
    _sys_exit                                0x08003cc5   Thumb Code     8  sys_exit.o(.text)
    __I$use$semihosting                      0x08003cd1   Thumb Code     0  use_no_semi.o(.text)
    __use_no_semihosting_swi                 0x08003cd1   Thumb Code     2  use_no_semi.o(.text)
    __semihosting_library_function           0x08003cd3   Thumb Code     0  indicate_semi.o(.text)
    __aeabi_d2f                              0x08003cd5   Thumb Code     0  d2f.o(x$fpl$d2f)
    _d2f                                     0x08003cd5   Thumb Code    98  d2f.o(x$fpl$d2f)
    __aeabi_dadd                             0x08003d39   Thumb Code     0  daddsub_clz.o(x$fpl$dadd)
    _dadd                                    0x08003d39   Thumb Code   332  daddsub_clz.o(x$fpl$dadd)
    __aeabi_i2d                              0x08003e89   Thumb Code     0  dflt_clz.o(x$fpl$dflt)
    _dflt                                    0x08003e89   Thumb Code    46  dflt_clz.o(x$fpl$dflt)
    __aeabi_ui2d                             0x08003eb7   Thumb Code     0  dflt_clz.o(x$fpl$dfltu)
    _dfltu                                   0x08003eb7   Thumb Code    38  dflt_clz.o(x$fpl$dfltu)
    __aeabi_dmul                             0x08003edd   Thumb Code     0  dmul.o(x$fpl$dmul)
    _dmul                                    0x08003edd   Thumb Code   332  dmul.o(x$fpl$dmul)
    __fpl_dnaninf                            0x08004031   Thumb Code   156  dnaninf.o(x$fpl$dnaninf)
    __fpl_dretinf                            0x080040cd   Thumb Code    12  dretinf.o(x$fpl$dretinf)
    __aeabi_dsub                             0x080040d9   Thumb Code     0  daddsub_clz.o(x$fpl$dsub)
    _dsub                                    0x080040d9   Thumb Code   472  daddsub_clz.o(x$fpl$dsub)
    __aeabi_f2d                              0x080042b5   Thumb Code     0  f2d.o(x$fpl$f2d)
    _f2d                                     0x080042b5   Thumb Code    86  f2d.o(x$fpl$f2d)
    __aeabi_fcmpeq                           0x0800430b   Thumb Code     0  fcmp.o(x$fpl$fcmp)
    _feq                                     0x0800430b   Thumb Code    14  fcmp.o(x$fpl$fcmp)
    _fneq                                    0x08004319   Thumb Code    14  fcmp.o(x$fpl$fcmp)
    __aeabi_fcmpgt                           0x08004327   Thumb Code     0  fcmp.o(x$fpl$fcmp)
    _fgr                                     0x08004327   Thumb Code    14  fcmp.o(x$fpl$fcmp)
    __aeabi_fcmpge                           0x08004335   Thumb Code     0  fcmp.o(x$fpl$fcmp)
    _fgeq                                    0x08004335   Thumb Code    14  fcmp.o(x$fpl$fcmp)
    __aeabi_fcmple                           0x08004343   Thumb Code     0  fcmp.o(x$fpl$fcmp)
    _fleq                                    0x08004343   Thumb Code    14  fcmp.o(x$fpl$fcmp)
    __aeabi_fcmplt                           0x08004351   Thumb Code     0  fcmp.o(x$fpl$fcmp)
    _fls                                     0x08004351   Thumb Code    14  fcmp.o(x$fpl$fcmp)
    __fpl_fcmp_Inf                           0x0800435f   Thumb Code    24  fcmpi.o(x$fpl$fcmpinf)
    __aeabi_fdiv                             0x08004379   Thumb Code     0  fdiv.o(x$fpl$fdiv)
    _fdiv                                    0x08004379   Thumb Code   384  fdiv.o(x$fpl$fdiv)
    __aeabi_cfcmpeq                          0x080044fd   Thumb Code     0  feqf.o(x$fpl$feqf)
    _fcmpeq                                  0x080044fd   Thumb Code   104  feqf.o(x$fpl$feqf)
    __aeabi_f2iz                             0x08004565   Thumb Code     0  ffix.o(x$fpl$ffix)
    _ffix                                    0x08004565   Thumb Code    54  ffix.o(x$fpl$ffix)
    __aeabi_ui2f                             0x0800459d   Thumb Code     0  fflt_clz.o(x$fpl$ffltu)
    _ffltu                                   0x0800459d   Thumb Code    38  fflt_clz.o(x$fpl$ffltu)
    _fcmpge                                  0x080045c5   Thumb Code   104  fgeqf.o(x$fpl$fgeqf)
    __aeabi_cfcmple                          0x0800462d   Thumb Code     0  fleqf.o(x$fpl$fleqf)
    _fcmple                                  0x0800462d   Thumb Code   104  fleqf.o(x$fpl$fleqf)
    __fpl_fcmple_InfNaN                      0x0800467f   Thumb Code     0  fleqf.o(x$fpl$fleqf)
    __aeabi_fmul                             0x08004695   Thumb Code     0  fmul.o(x$fpl$fmul)
    _fmul                                    0x08004695   Thumb Code   258  fmul.o(x$fpl$fmul)
    __fpl_fnaninf                            0x08004797   Thumb Code   140  fnaninf.o(x$fpl$fnaninf)
    __fpl_fretinf                            0x08004823   Thumb Code    10  fretinf.o(x$fpl$fretinf)
    __I$use$fp                               0x0800482c   Number         0  usenofp.o(x$fpl$usenofp)
    hall_to_pos                              0x08004840   Data           8  bldc.o(.rodata.hall_to_pos)
    Region$$Table$$Base                      0x08004848   Number         0  anon$$obj.o(Region$$Table)
    Region$$Table$$Limit                     0x08004868   Number         0  anon$$obj.o(Region$$Table)
    SystemCoreClock                          0x20000000   Data           4  system_gd32f1x0.o(.data.SystemCoreClock)
    batteryVoltage                           0x20000004   Data           4  bldc.o(.data.batteryVoltage)
    beepsBackwards                           0x20000008   Data           1  main.o(.data.beepsBackwards)
    offsetdc                                 0x2000000e   Data           2  bldc.o(.data.offsetdc)
    timedOut                                 0x20000010   Data           1  it.o(.data.timedOut)
    __libspace_start                         0x20000018   Data          96  libspace.o(.bss)
    __temporary_stack_top$libspace           0x20000078   Data           0  libspace.o(.bss)
    adc_buffer                               0x2000008c   Data           4  bldc.o(.bss.adc_buffer)
    bldc_enable                              0x20000090   Data           1  bldc.o(.bss.bldc_enable)
    bldc_inputFilterPwm                      0x20000092   Data           2  bldc.o(.bss.bldc_inputFilterPwm)
    bldc_outputFilterPwm                     0x20000094   Data           2  bldc.o(.bss.bldc_outputFilterPwm)
    buzzerFreq                               0x20000096   Data           1  bldc.o(.bss.buzzerFreq)
    buzzerPattern                            0x20000097   Data           1  bldc.o(.bss.buzzerPattern)
    buzzerTimer                              0x20000098   Data           2  bldc.o(.bss.buzzerTimer)
    buzzerToggle                             0x2000009a   Data           1  bldc.o(.bss.buzzerToggle)
    currentDC                                0x2000009c   Data           4  bldc.o(.bss.currentDC)
    dma_init_struct_adc                      0x200000a0   Data          36  setup.o(.bss.dma_init_struct_adc)
    dma_init_struct_usart                    0x200000c4   Data          36  setup.o(.bss.dma_init_struct_usart)
    filter_reg                               0x200000e8   Data           4  bldc.o(.bss.filter_reg)
    hall                                     0x200000ec   Data           1  bldc.o(.bss.hall)
    hall_a                                   0x200000ed   Data           1  bldc.o(.bss.hall_a)
    hall_b                                   0x200000ee   Data           1  bldc.o(.bss.hall_b)
    hall_c                                   0x200000ef   Data           1  bldc.o(.bss.hall_c)
    lastPos                                  0x200000f0   Data           1  bldc.o(.bss.lastPos)
    msTicks                                  0x200000f4   Data           4  it.o(.bss.msTicks)
    oDataSlave                               0x200000f8   Data          12  main.o(.bss.oDataSlave)
    offsetcount                              0x20000104   Data           2  bldc.o(.bss.offsetcount)
    pos                                      0x20000106   Data           1  bldc.o(.bss.pos)
    realSpeed                                0x20000108   Data           4  bldc.o(.bss.realSpeed)
    speed                                    0x2000010c   Data           4  main.o(.bss.speed)
    speedCounter                             0x20000110   Data           4  bldc.o(.bss.speedCounter)
    steer                                    0x20000114   Data           4  main.o(.bss.steer)
    timeoutCounter_ms                        0x20000118   Data           4  it.o(.bss.timeoutCounter_ms)
    timeoutTimer_paramter_struct             0x2000011c   Data          16  setup.o(.bss.timeoutTimer_paramter_struct)
    timerBldc_break_parameter_struct         0x2000012c   Data          24  setup.o(.bss.timerBldc_break_parameter_struct)
    timerBldc_oc_parameter_struct            0x20000144   Data          16  setup.o(.bss.timerBldc_oc_parameter_struct)
    timerBldc_paramter_struct                0x20000154   Data          16  setup.o(.bss.timerBldc_paramter_struct)
    usartMasterSlave_rx_buf                  0x20000164   Data           1  setup.o(.bss.usartMasterSlave_rx_buf)
    usartSteer_COM_rx_buf                    0x20000165   Data           1  setup.o(.bss.usartSteer_COM_rx_buf)



==============================================================================

Memory Map of the image

  Image Entry point : 0x08000169

  Load Region LR_IROM1 (Base: 0x08000000, Size: 0x00004880, Max: 0x00010000, ABSOLUTE)

    Execution Region ER_IROM1 (Exec base: 0x08000000, Load base: 0x08000000, Size: 0x00004868, Max: 0x00010000, ABSOLUTE)

    Exec Addr    Load Addr    Size         Type   Attr      Idx    E Section Name        Object

    0x08000000   0x08000000   0x00000168   Data   RO          237    RESET               startup_gd32f1x0.o
    0x08000168   0x08000168   0x00000008   Code   RO          258  * !!!main             c_w.l(__main.o)
    0x08000170   0x08000170   0x00000034   Code   RO          486    !!!scatter          c_w.l(__scatter.o)
    0x080001a4   0x080001a4   0x0000001a   Code   RO          488    !!handler_copy      c_w.l(__scatter_copy.o)
    0x080001be   0x080001be   0x00000002   PAD
    0x080001c0   0x080001c0   0x0000001c   Code   RO          490    !!handler_zi        c_w.l(__scatter_zi.o)
    0x080001dc   0x080001dc   0x00000002   Code   RO          348    .ARM.Collect$$libinit$$00000000  c_w.l(libinit.o)
    0x080001de   0x080001de   0x00000000   Code   RO          355    .ARM.Collect$$libinit$$00000002  c_w.l(libinit2.o)
    0x080001de   0x080001de   0x00000000   Code   RO          357    .ARM.Collect$$libinit$$00000004  c_w.l(libinit2.o)
    0x080001de   0x080001de   0x00000000   Code   RO          359    .ARM.Collect$$libinit$$00000006  c_w.l(libinit2.o)
    0x080001de   0x080001de   0x00000000   Code   RO          362    .ARM.Collect$$libinit$$0000000C  c_w.l(libinit2.o)
    0x080001de   0x080001de   0x00000000   Code   RO          364    .ARM.Collect$$libinit$$0000000E  c_w.l(libinit2.o)
    0x080001de   0x080001de   0x00000000   Code   RO          366    .ARM.Collect$$libinit$$00000010  c_w.l(libinit2.o)
    0x080001de   0x080001de   0x00000000   Code   RO          369    .ARM.Collect$$libinit$$00000013  c_w.l(libinit2.o)
    0x080001de   0x080001de   0x00000000   Code   RO          371    .ARM.Collect$$libinit$$00000015  c_w.l(libinit2.o)
    0x080001de   0x080001de   0x00000000   Code   RO          373    .ARM.Collect$$libinit$$00000017  c_w.l(libinit2.o)
    0x080001de   0x080001de   0x00000000   Code   RO          375    .ARM.Collect$$libinit$$00000019  c_w.l(libinit2.o)
    0x080001de   0x080001de   0x00000000   Code   RO          377    .ARM.Collect$$libinit$$0000001B  c_w.l(libinit2.o)
    0x080001de   0x080001de   0x00000000   Code   RO          379    .ARM.Collect$$libinit$$0000001D  c_w.l(libinit2.o)
    0x080001de   0x080001de   0x00000000   Code   RO          381    .ARM.Collect$$libinit$$0000001F  c_w.l(libinit2.o)
    0x080001de   0x080001de   0x00000000   Code   RO          383    .ARM.Collect$$libinit$$00000021  c_w.l(libinit2.o)
    0x080001de   0x080001de   0x00000000   Code   RO          385    .ARM.Collect$$libinit$$00000023  c_w.l(libinit2.o)
    0x080001de   0x080001de   0x00000000   Code   RO          387    .ARM.Collect$$libinit$$00000025  c_w.l(libinit2.o)
    0x080001de   0x080001de   0x00000000   Code   RO          389    .ARM.Collect$$libinit$$00000027  c_w.l(libinit2.o)
    0x080001de   0x080001de   0x00000000   Code   RO          393    .ARM.Collect$$libinit$$0000002E  c_w.l(libinit2.o)
    0x080001de   0x080001de   0x00000000   Code   RO          395    .ARM.Collect$$libinit$$00000030  c_w.l(libinit2.o)
    0x080001de   0x080001de   0x00000000   Code   RO          397    .ARM.Collect$$libinit$$00000032  c_w.l(libinit2.o)
    0x080001de   0x080001de   0x00000000   Code   RO          399    .ARM.Collect$$libinit$$00000034  c_w.l(libinit2.o)
    0x080001de   0x080001de   0x00000002   Code   RO          400    .ARM.Collect$$libinit$$00000035  c_w.l(libinit2.o)
    0x080001e0   0x080001e0   0x00000002   Code   RO          422    .ARM.Collect$$libshutdown$$00000000  c_w.l(libshutdown.o)
    0x080001e2   0x080001e2   0x00000000   Code   RO          437    .ARM.Collect$$libshutdown$$00000002  c_w.l(libshutdown2.o)
    0x080001e2   0x080001e2   0x00000000   Code   RO          439    .ARM.Collect$$libshutdown$$00000004  c_w.l(libshutdown2.o)
    0x080001e2   0x080001e2   0x00000000   Code   RO          442    .ARM.Collect$$libshutdown$$00000007  c_w.l(libshutdown2.o)
    0x080001e2   0x080001e2   0x00000000   Code   RO          445    .ARM.Collect$$libshutdown$$0000000A  c_w.l(libshutdown2.o)
    0x080001e2   0x080001e2   0x00000000   Code   RO          447    .ARM.Collect$$libshutdown$$0000000C  c_w.l(libshutdown2.o)
    0x080001e2   0x080001e2   0x00000000   Code   RO          450    .ARM.Collect$$libshutdown$$0000000F  c_w.l(libshutdown2.o)
    0x080001e2   0x080001e2   0x00000002   Code   RO          451    .ARM.Collect$$libshutdown$$00000010  c_w.l(libshutdown2.o)
    0x080001e4   0x080001e4   0x00000000   Code   RO          306    .ARM.Collect$$rtentry$$00000000  c_w.l(__rtentry.o)
    0x080001e4   0x080001e4   0x00000000   Code   RO          323    .ARM.Collect$$rtentry$$00000002  c_w.l(__rtentry2.o)
    0x080001e4   0x080001e4   0x00000006   Code   RO          335    .ARM.Collect$$rtentry$$00000004  c_w.l(__rtentry4.o)
    0x080001ea   0x080001ea   0x00000000   Code   RO          325    .ARM.Collect$$rtentry$$00000009  c_w.l(__rtentry2.o)
    0x080001ea   0x080001ea   0x00000004   Code   RO          326    .ARM.Collect$$rtentry$$0000000A  c_w.l(__rtentry2.o)
    0x080001ee   0x080001ee   0x00000000   Code   RO          328    .ARM.Collect$$rtentry$$0000000C  c_w.l(__rtentry2.o)
    0x080001ee   0x080001ee   0x00000008   Code   RO          329    .ARM.Collect$$rtentry$$0000000D  c_w.l(__rtentry2.o)
    0x080001f6   0x080001f6   0x00000002   Code   RO          352    .ARM.Collect$$rtexit$$00000000  c_w.l(rtexit.o)
    0x080001f8   0x080001f8   0x00000000   Code   RO          402    .ARM.Collect$$rtexit$$00000002  c_w.l(rtexit2.o)
    0x080001f8   0x080001f8   0x00000004   Code   RO          403    .ARM.Collect$$rtexit$$00000003  c_w.l(rtexit2.o)
    0x080001fc   0x080001fc   0x00000006   Code   RO          404    .ARM.Collect$$rtexit$$00000004  c_w.l(rtexit2.o)
    0x08000202   0x08000202   0x00000002   PAD
    0x08000204   0x08000204   0x00000404   Code   RO           18    .text               bldc.o
    0x08000608   0x08000608   0x000007b8   Code   RO           50    .text               setup.o
    0x08000dc0   0x08000dc0   0x00000142   Code   RO           65    .text               it.o
    0x08000f02   0x08000f02   0x00000002   PAD
    0x08000f04   0x08000f04   0x0000006c   Code   RO           76    .text               comms.o
    0x08000f70   0x08000f70   0x00000122   Code   RO           85    .text               commssteering.o
    0x08001092   0x08001092   0x00000002   PAD
    0x08001094   0x08001094   0x0000017a   Code   RO           95    .text               commsmasterslave.o
    0x0800120e   0x0800120e   0x00000002   PAD
    0x08001210   0x08001210   0x000000ea   Code   RO          106    .text               main_1.o
    0x080012fa   0x080012fa   0x00000002   PAD
    0x080012fc   0x080012fc   0x00000078   Code   RO          115    .text               cio.o
    0x08001374   0x08001374   0x000005a6   Code   RO          123    .text               gd32f1x0_adc.o
    0x0800191a   0x0800191a   0x00000002   PAD
    0x0800191c   0x0800191c   0x0000034c   Code   RO          139    .text               gd32f1x0_dma.o
    0x08001c68   0x08001c68   0x000000da   Code   RO          147    .text               gd32f1x0_fwdgt.o
    0x08001d42   0x08001d42   0x00000002   PAD
    0x08001d44   0x08001d44   0x00000198   Code   RO          155    .text               gd32f1x0_gpio.o
    0x08001edc   0x08001edc   0x00000130   Code   RO          172    .text               gd32f1x0_misc.o
    0x0800200c   0x0800200c   0x00000730   Code   RO          193    .text               gd32f1x0_rcu.o
    0x0800273c   0x0800273c   0x00000d60   Code   RO          210    .text               gd32f1x0_timer.o
    0x0800349c   0x0800349c   0x0000063e   Code   RO          219    .text               gd32f1x0_usart.o
    0x08003ada   0x08003ada   0x00000002   PAD
    0x08003adc   0x08003adc   0x00000040   Code   RO          238    .text               startup_gd32f1x0.o
    0x08003b1c   0x08003b1c   0x0000013c   Code   RO          244    .text               system_gd32f1x0.o
    0x08003c58   0x08003c58   0x00000006   Code   RO          256    .text               c_w.l(heapauxi.o)
    0x08003c5e   0x08003c5e   0x0000004a   Code   RO          339    .text               c_w.l(sys_stackheap_outer.o)
    0x08003ca8   0x08003ca8   0x00000012   Code   RO          341    .text               c_w.l(exit.o)
    0x08003cba   0x08003cba   0x00000002   PAD
    0x08003cbc   0x08003cbc   0x00000008   Code   RO          349    .text               c_w.l(libspace.o)
    0x08003cc4   0x08003cc4   0x0000000c   Code   RO          412    .text               c_w.l(sys_exit.o)
    0x08003cd0   0x08003cd0   0x00000002   Code   RO          427    .text               c_w.l(use_no_semi.o)
    0x08003cd2   0x08003cd2   0x00000000   Code   RO          429    .text               c_w.l(indicate_semi.o)
    0x08003cd2   0x08003cd2   0x00000002   PAD
    0x08003cd4   0x08003cd4   0x00000062   Code   RO          260    x$fpl$d2f           fz_ws.l(d2f.o)
    0x08003d36   0x08003d36   0x00000002   PAD
    0x08003d38   0x08003d38   0x00000150   Code   RO          262    x$fpl$dadd          fz_ws.l(daddsub_clz.o)
    0x08003e88   0x08003e88   0x0000002e   Code   RO          273    x$fpl$dflt          fz_ws.l(dflt_clz.o)
    0x08003eb6   0x08003eb6   0x00000026   Code   RO          272    x$fpl$dfltu         fz_ws.l(dflt_clz.o)
    0x08003edc   0x08003edc   0x00000154   Code   RO          278    x$fpl$dmul          fz_ws.l(dmul.o)
    0x08004030   0x08004030   0x0000009c   Code   RO          307    x$fpl$dnaninf       fz_ws.l(dnaninf.o)
    0x080040cc   0x080040cc   0x0000000c   Code   RO          309    x$fpl$dretinf       fz_ws.l(dretinf.o)
    0x080040d8   0x080040d8   0x000001dc   Code   RO          264    x$fpl$dsub          fz_ws.l(daddsub_clz.o)
    0x080042b4   0x080042b4   0x00000056   Code   RO          280    x$fpl$f2d           fz_ws.l(f2d.o)
    0x0800430a   0x0800430a   0x00000054   Code   RO          288    x$fpl$fcmp          fz_ws.l(fcmp.o)
    0x0800435e   0x0800435e   0x00000018   Code   RO          337    x$fpl$fcmpinf       fz_ws.l(fcmpi.o)
    0x08004376   0x08004376   0x00000002   PAD
    0x08004378   0x08004378   0x00000184   Code   RO          291    x$fpl$fdiv          fz_ws.l(fdiv.o)
    0x080044fc   0x080044fc   0x00000068   Code   RO          311    x$fpl$feqf          fz_ws.l(feqf.o)
    0x08004564   0x08004564   0x00000036   Code   RO          294    x$fpl$ffix          fz_ws.l(ffix.o)
    0x0800459a   0x0800459a   0x00000002   PAD
    0x0800459c   0x0800459c   0x00000026   Code   RO          298    x$fpl$ffltu         fz_ws.l(fflt_clz.o)
    0x080045c2   0x080045c2   0x00000002   PAD
    0x080045c4   0x080045c4   0x00000068   Code   RO          313    x$fpl$fgeqf         fz_ws.l(fgeqf.o)
    0x0800462c   0x0800462c   0x00000068   Code   RO          315    x$fpl$fleqf         fz_ws.l(fleqf.o)
    0x08004694   0x08004694   0x00000102   Code   RO          304    x$fpl$fmul          fz_ws.l(fmul.o)
    0x08004796   0x08004796   0x0000008c   Code   RO          317    x$fpl$fnaninf       fz_ws.l(fnaninf.o)
    0x08004822   0x08004822   0x0000000a   Code   RO          319    x$fpl$fretinf       fz_ws.l(fretinf.o)
    0x0800482c   0x0800482c   0x00000000   Code   RO          321    x$fpl$usenofp       fz_ws.l(usenofp.o)
    0x0800482c   0x0800482c   0x0000000c   Data   RO          157    .rodata..Lswitch.table.gpio_deinit.1  gd32f1x0_gpio.o
    0x08004838   0x08004838   0x00000008   Data   RO          195    .rodata.cst8        gd32f1x0_rcu.o
    0x08004840   0x08004840   0x00000008   Data   RO           34    .rodata.hall_to_pos  bldc.o
    0x08004848   0x08004848   0x00000020   Data   RO          485    Region$$Table       anon$$obj.o


    Execution Region RW_IRAM1 (Exec base: 0x20000000, Load base: 0x08004868, Size: 0x00000968, Max: 0x00002000, ABSOLUTE)

    Exec Addr    Load Addr    Size         Type   Attr      Idx    E Section Name        Object

    0x20000000   0x08004868   0x00000004   Data   RW          246    .data.SystemCoreClock  system_gd32f1x0.o
    0x20000004   0x0800486c   0x00000004   Data   RW           21    .data.batteryVoltage  bldc.o
    0x20000008   0x08004870   0x00000001   Data   RW            6    .data.beepsBackwards  main.o
    0x20000009   0x08004871   0x00000001   PAD
    0x2000000a   0x08004872   0x00000002   Data   RW           87    .data.iReceivePos   commssteering.o
    0x2000000c   0x08004874   0x00000002   Data   RW           97    .data.iReceivePos   commsmasterslave.o
    0x2000000e   0x08004876   0x00000002   Data   RW           32    .data.offsetdc      bldc.o
    0x20000010   0x08004878   0x00000001   Data   RW           68    .data.timedOut      it.o
    0x20000011   0x08004879   0x00000007   PAD
    0x20000018        -       0x00000060   Zero   RW          350    .bss                c_w.l(libspace.o)
    0x20000078        -       0x00000007   Zero   RW           88    .bss.aReceiveBuffer  commssteering.o
    0x2000007f        -       0x0000000c   Zero   RW           98    .bss.aReceiveBuffer  commsmasterslave.o
    0x2000008b   0x08004879   0x00000001   PAD
    0x2000008c        -       0x00000004   Zero   RW           35    .bss.adc_buffer     bldc.o
    0x20000090        -       0x00000001   Zero   RW           25    .bss.bldc_enable    bldc.o
    0x20000091   0x08004879   0x00000001   PAD
    0x20000092        -       0x00000002   Zero   RW           24    .bss.bldc_inputFilterPwm  bldc.o
    0x20000094        -       0x00000002   Zero   RW           26    .bss.bldc_outputFilterPwm  bldc.o
    0x20000096        -       0x00000001   Zero   RW           28    .bss.buzzerFreq     bldc.o
    0x20000097        -       0x00000001   Zero   RW           29    .bss.buzzerPattern  bldc.o
    0x20000098        -       0x00000002   Zero   RW           30    .bss.buzzerTimer    bldc.o
    0x2000009a        -       0x00000001   Zero   RW           27    .bss.buzzerToggle   bldc.o
    0x2000009b   0x08004879   0x00000001   PAD
    0x2000009c        -       0x00000004   Zero   RW           22    .bss.currentDC      bldc.o
    0x200000a0        -       0x00000024   Zero   RW           56    .bss.dma_init_struct_adc  setup.o
    0x200000c4        -       0x00000024   Zero   RW           57    .bss.dma_init_struct_usart  setup.o
    0x200000e8        -       0x00000004   Zero   RW           41    .bss.filter_reg     bldc.o
    0x200000ec        -       0x00000001   Zero   RW           39    .bss.hall           bldc.o
    0x200000ed        -       0x00000001   Zero   RW           36    .bss.hall_a         bldc.o
    0x200000ee        -       0x00000001   Zero   RW           37    .bss.hall_b         bldc.o
    0x200000ef        -       0x00000001   Zero   RW           38    .bss.hall_c         bldc.o
    0x200000f0        -       0x00000001   Zero   RW           42    .bss.lastPos        bldc.o
    0x200000f1   0x08004879   0x00000003   PAD
    0x200000f4        -       0x00000004   Zero   RW           69    .bss.msTicks        it.o
    0x200000f8        -       0x0000000c   Zero   RW           11    .bss.oDataSlave     main.o
    0x20000104        -       0x00000002   Zero   RW           31    .bss.offsetcount    bldc.o
    0x20000106        -       0x00000001   Zero   RW           40    .bss.pos            bldc.o
    0x20000107   0x08004879   0x00000001   PAD
    0x20000108        -       0x00000004   Zero   RW           23    .bss.realSpeed      bldc.o
    0x2000010c        -       0x00000004   Zero   RW            4    .bss.speed          main.o
    0x20000110        -       0x00000004   Zero   RW           33    .bss.speedCounter   bldc.o
    0x20000114        -       0x00000004   Zero   RW            3    .bss.steer          main.o
    0x20000118        -       0x00000004   Zero   RW           67    .bss.timeoutCounter_ms  it.o
    0x2000011c        -       0x00000010   Zero   RW           52    .bss.timeoutTimer_paramter_struct  setup.o
    0x2000012c        -       0x00000018   Zero   RW           55    .bss.timerBldc_break_parameter_struct  setup.o
    0x20000144        -       0x00000010   Zero   RW           54    .bss.timerBldc_oc_parameter_struct  setup.o
    0x20000154        -       0x00000010   Zero   RW           53    .bss.timerBldc_paramter_struct  setup.o
    0x20000164        -       0x00000001   Zero   RW           58    .bss.usartMasterSlave_rx_buf  setup.o
    0x20000165        -       0x00000001   Zero   RW           59    .bss.usartSteer_COM_rx_buf  setup.o
    0x20000166   0x08004879   0x00000002   PAD
    0x20000168        -       0x00000400   Zero   RW          236    HEAP                startup_gd32f1x0.o
    0x20000568        -       0x00000400   Zero   RW          235    STACK               startup_gd32f1x0.o


==============================================================================

Image component sizes


      Code (inc. data)   RO Data    RW Data    ZI Data      Debug   Object Name

      1028         12          8          6         38       3387   bldc.o
       120          0          0          0          0       3420   cio.o
       108          0          0          0          0       1960   comms.o
       378          0          0          2         12       2894   commsmasterslave.o
       290          0          0          2          7       1507   commssteering.o
      1446         16          0          0          0       7557   gd32f1x0_adc.o
       844          8          0          0          0       6090   gd32f1x0_dma.o
       218          0          0          0          0       1951   gd32f1x0_fwdgt.o
       408          0         12          0          0       4166   gd32f1x0_gpio.o
       304          0          0          0          0       3061   gd32f1x0_misc.o
      1840         34          8          0          0      13435   gd32f1x0_rcu.o
      3424         44          0          0          0      18298   gd32f1x0_timer.o
      1598          8          0          0          0      11929   gd32f1x0_usart.o
       322          0          0          1          8       2488   it.o
         0          0          0          1         20       6151   main.o
       234          0          0          0          0       4574   main_1.o
      1976          0          0          0        146       5971   setup.o
        64         26        360          0       2048        856   startup_gd32f1x0.o
       316         16          0          4          0       1547   system_gd32f1x0.o

    ----------------------------------------------------------------------
     14932        164        420         20       2292     101242   Object Totals
         0          0         32          0          0          0   (incl. Generated)
        14          0          0          4         13          0   (incl. Padding)

    ----------------------------------------------------------------------

      Code (inc. data)   RO Data    RW Data    ZI Data      Debug   Library Member Name

         8          0          0          0          0         68   __main.o
         0          0          0          0          0          0   __rtentry.o
        12          0          0          0          0          0   __rtentry2.o
         6          0          0          0          0          0   __rtentry4.o
        52          8          0          0          0          0   __scatter.o
        26          0          0          0          0          0   __scatter_copy.o
        28          0          0          0          0          0   __scatter_zi.o
        18          0          0          0          0         80   exit.o
         6          0          0          0          0        152   heapauxi.o
         0          0          0          0          0          0   indicate_semi.o
         2          0          0          0          0          0   libinit.o
         2          0          0          0          0          0   libinit2.o
         2          0          0          0          0          0   libshutdown.o
         2          0          0          0          0          0   libshutdown2.o
         8          4          0          0         96         68   libspace.o
         2          0          0          0          0          0   rtexit.o
        10          0          0          0          0          0   rtexit2.o
        12          4          0          0          0         68   sys_exit.o
        74          0          0          0          0         80   sys_stackheap_outer.o
         2          0          0          0          0         68   use_no_semi.o
        98          4          0          0          0         92   d2f.o
       812         16          0          0          0        296   daddsub_clz.o
        84          0          0          0          0        136   dflt_clz.o
       340         12          0          0          0        104   dmul.o
       156          4          0          0          0         92   dnaninf.o
        12          0          0          0          0         68   dretinf.o
        86          4          0          0          0         84   f2d.o
        84          0          0          0          0        196   fcmp.o
        24          0          0          0          0         68   fcmpi.o
       388         76          0          0          0         96   fdiv.o
       104          4          0          0          0         84   feqf.o
        54          4          0          0          0         84   ffix.o
        38          0          0          0          0         68   fflt_clz.o
       104          4          0          0          0         84   fgeqf.o
       104          4          0          0          0         84   fleqf.o
       258          4          0          0          0         84   fmul.o
       140          4          0          0          0         84   fnaninf.o
        10          0          0          0          0         68   fretinf.o
         0          0          0          0          0          0   usenofp.o

    ----------------------------------------------------------------------
      3184        156          0          0         96       2456   Library Totals
        16          0          0          0          0          0   (incl. Padding)

    ----------------------------------------------------------------------

      Code (inc. data)   RO Data    RW Data    ZI Data      Debug   Library Name

       272         16          0          0         96        584   c_w.l
      2896        140          0          0          0       1872   fz_ws.l

    ----------------------------------------------------------------------
      3184        156          0          0         96       2456   Library Totals

    ----------------------------------------------------------------------

==============================================================================


      Code (inc. data)   RO Data    RW Data    ZI Data      Debug   

     18116        320        420         20       2388     102230   Grand Totals
     18116        320        420         20       2388     102230   ELF Image Totals
     18116        320        420         20          0          0   ROM Totals

==============================================================================

    Total RO  Size (Code + RO Data)                18536 (  18.10kB)
    Total RW  Size (RW Data + ZI Data)              2408 (   2.35kB)
    Total ROM Size (Code + RO Data + RW Data)      18556 (  18.12kB)

==============================================================================

